[2025-11-04 16:51:48] GET / - IP: 127.0.0.1 - User-Agent: Mozilla/5.0 (Windows NT 10.0; Win64; x64; rv:144.0) Gecko/20100101 Firefox/144.0
[2025-11-04 16:51:49] GET /api/ - IP: 127.0.0.1 - User-Agent: Test
[2025-11-04 16:51:57] GET /api/courses - IP: 127.0.0.1 - User-Agent: Test
[2025-11-12 12:21:03] GET /api/courses - IP: unknown - User-Agent: unknown
[2025-11-12 12:22:11] GET /api/courses/1 - IP: unknown - User-Agent: unknown
[2025-11-12 12:22:17] GET /api/lessons?module_id=1 - IP: unknown - User-Agent: unknown
[2025-11-13 16:17:17] POST /api/auth/register - IP: 127.0.0.1 - User-Agent: Mozilla/5.0 (Windows NT 10.0; Win64; x64) AppleWebKit/537.36 (KHTML, like Gecko) Chrome/142.0.0.0 Safari/537.36
[2025-11-13 16:17:40] POST /api/auth/login - IP: 127.0.0.1 - User-Agent: Mozilla/5.0 (Windows NT 10.0; Win64; x64) AppleWebKit/537.36 (KHTML, like Gecko) Chrome/142.0.0.0 Safari/537.36
[2025-12-29 13:43:24] POST /sci-bono-aifluency/api/auth/login - IP: 127.0.0.1 - User-Agent: curl/7.81.0
[2025-12-29 13:44:52] POST /sci-bono-aifluency/api/auth/login - IP: 127.0.0.1 - User-Agent: curl/7.81.0
[2025-12-29 14:18:02] POST /sci-bono-aifluency/api/auth/login - IP: ::1 - User-Agent: Mozilla/5.0 (Windows NT 10.0; Win64; x64; rv:146.0) Gecko/20100101 Firefox/146.0
[2025-12-29 14:19:37] POST /sci-bono-aifluency/api/auth/login - IP: ::1 - User-Agent: Mozilla/5.0 (Windows NT 10.0; Win64; x64; rv:146.0) Gecko/20100101 Firefox/146.0
[2025-12-29 14:22:26] POST /sci-bono-aifluency/api/auth/login - IP: ::1 - User-Agent: Mozilla/5.0 (Windows NT 10.0; Win64; x64; rv:146.0) Gecko/20100101 Firefox/146.0
[2025-12-29 14:23:11] POST /sci-bono-aifluency/api/auth/login - IP: ::1 - User-Agent: Mozilla/5.0 (Windows NT 10.0; Win64; x64; rv:146.0) Gecko/20100101 Firefox/146.0
[2025-12-29 14:26:25] POST /sci-bono-aifluency/api/auth/login - IP: ::1 - User-Agent: Mozilla/5.0 (Windows NT 10.0; Win64; x64; rv:146.0) Gecko/20100101 Firefox/146.0
[2025-12-29 14:27:47] POST /sci-bono-aifluency/api/auth/login - IP: ::1 - User-Agent: Mozilla/5.0 (Windows NT 10.0; Win64; x64; rv:146.0) Gecko/20100101 Firefox/146.0
[2025-12-29 14:30:35] POST /sci-bono-aifluency/api/auth/login - IP: ::1 - User-Agent: Mozilla/5.0 (Windows NT 10.0; Win64; x64; rv:146.0) Gecko/20100101 Firefox/146.0
[2025-12-29 14:30:53] POST /sci-bono-aifluency/api/auth/login - IP: ::1 - User-Agent: Mozilla/5.0 (Windows NT 10.0; Win64; x64; rv:146.0) Gecko/20100101 Firefox/146.0
[2025-12-29 14:35:58] POST /sci-bono-aifluency/api/auth/login - IP: ::1 - User-Agent: Mozilla/5.0 (Windows NT 10.0; Win64; x64; rv:146.0) Gecko/20100101 Firefox/146.0
[2025-12-29 14:35:59] GET /sci-bono-aifluency/api/quizzes/attempts/recent?limit=5 - IP: ::1 - User-Agent: Mozilla/5.0 (Windows NT 10.0; Win64; x64; rv:146.0) Gecko/20100101 Firefox/146.0
[2025-12-29 14:35:59] GET /sci-bono-aifluency/api/certificates/my-certificates - IP: ::1 - User-Agent: Mozilla/5.0 (Windows NT 10.0; Win64; x64; rv:146.0) Gecko/20100101 Firefox/146.0
[2025-12-29 14:35:59] GET /sci-bono-aifluency/api/courses/enrolled - IP: ::1 - User-Agent: Mozilla/5.0 (Windows NT 10.0; Win64; x64; rv:146.0) Gecko/20100101 Firefox/146.0
[2025-12-29 14:35:59] GET /sci-bono-aifluency/api/users/me/stats - IP: ::1 - User-Agent: Mozilla/5.0 (Windows NT 10.0; Win64; x64; rv:146.0) Gecko/20100101 Firefox/146.0
[2025-12-29 14:38:34] GET /sci-bono-aifluency/api/users/me/stats - IP: ::1 - User-Agent: Mozilla/5.0 (Windows NT 10.0; Win64; x64; rv:146.0) Gecko/20100101 Firefox/146.0
[2025-12-29 14:38:34] GET /sci-bono-aifluency/api/quizzes/attempts/recent?limit=5 - IP: ::1 - User-Agent: Mozilla/5.0 (Windows NT 10.0; Win64; x64; rv:146.0) Gecko/20100101 Firefox/146.0
[2025-12-29 14:38:34] GET /sci-bono-aifluency/api/courses/enrolled - IP: ::1 - User-Agent: Mozilla/5.0 (Windows NT 10.0; Win64; x64; rv:146.0) Gecko/20100101 Firefox/146.0
[2025-12-29 14:38:34] GET /sci-bono-aifluency/api/certificates/my-certificates - IP: ::1 - User-Agent: Mozilla/5.0 (Windows NT 10.0; Win64; x64; rv:146.0) Gecko/20100101 Firefox/146.0
[2025-12-29 14:40:07] POST /sci-bono-aifluency/api/auth/login - IP: 127.0.0.1 - User-Agent: curl/7.81.0
[2025-12-29 14:43:12] POST /sci-bono-aifluency/api/auth/login - IP: ::1 - User-Agent: Mozilla/5.0 (Windows NT 10.0; Win64; x64; rv:146.0) Gecko/20100101 Firefox/146.0
[2025-12-29 14:43:13] GET /sci-bono-aifluency/api/courses/enrolled - IP: ::1 - User-Agent: Mozilla/5.0 (Windows NT 10.0; Win64; x64; rv:146.0) Gecko/20100101 Firefox/146.0
[2025-12-29 14:43:13] GET /sci-bono-aifluency/api/quizzes/attempts/recent?limit=5 - IP: ::1 - User-Agent: Mozilla/5.0 (Windows NT 10.0; Win64; x64; rv:146.0) Gecko/20100101 Firefox/146.0
[2025-12-29 14:43:13] GET /sci-bono-aifluency/api/certificates/my-certificates - IP: ::1 - User-Agent: Mozilla/5.0 (Windows NT 10.0; Win64; x64; rv:146.0) Gecko/20100101 Firefox/146.0
[2025-12-29 14:43:13] GET /sci-bono-aifluency/api/users/me/stats - IP: ::1 - User-Agent: Mozilla/5.0 (Windows NT 10.0; Win64; x64; rv:146.0) Gecko/20100101 Firefox/146.0
[2025-12-29 14:43:29] GET /sci-bono-aifluency/api/users/me/stats - IP: ::1 - User-Agent: Mozilla/5.0 (Windows NT 10.0; Win64; x64; rv:146.0) Gecko/20100101 Firefox/146.0
[2025-12-29 14:43:29] GET /sci-bono-aifluency/api/certificates/my-certificates - IP: ::1 - User-Agent: Mozilla/5.0 (Windows NT 10.0; Win64; x64; rv:146.0) Gecko/20100101 Firefox/146.0
[2025-12-29 14:43:29] GET /sci-bono-aifluency/api/courses/enrolled - IP: ::1 - User-Agent: Mozilla/5.0 (Windows NT 10.0; Win64; x64; rv:146.0) Gecko/20100101 Firefox/146.0
[2025-12-29 14:43:29] GET /sci-bono-aifluency/api/quizzes/attempts/recent?limit=5 - IP: ::1 - User-Agent: Mozilla/5.0 (Windows NT 10.0; Win64; x64; rv:146.0) Gecko/20100101 Firefox/146.0
[2025-12-29 14:43:42] GET /sci-bono-aifluency/api/admin/activity?limit=10 - IP: ::1 - User-Agent: Mozilla/5.0 (Windows NT 10.0; Win64; x64; rv:146.0) Gecko/20100101 Firefox/146.0
[2025-12-29 14:43:42] GET /sci-bono-aifluency/api/users?page=1&limit=10 - IP: ::1 - User-Agent: Mozilla/5.0 (Windows NT 10.0; Win64; x64; rv:146.0) Gecko/20100101 Firefox/146.0
[2025-12-29 14:43:42] GET /sci-bono-aifluency/api/admin/stats - IP: ::1 - User-Agent: Mozilla/5.0 (Windows NT 10.0; Win64; x64; rv:146.0) Gecko/20100101 Firefox/146.0
[2025-12-29 14:44:30] GET /sci-bono-aifluency/api/admin/activity?limit=10 - IP: ::1 - User-Agent: Mozilla/5.0 (Windows NT 10.0; Win64; x64; rv:146.0) Gecko/20100101 Firefox/146.0
[2025-12-29 14:44:30] GET /sci-bono-aifluency/api/admin/stats - IP: ::1 - User-Agent: Mozilla/5.0 (Windows NT 10.0; Win64; x64; rv:146.0) Gecko/20100101 Firefox/146.0
[2025-12-29 14:44:30] GET /sci-bono-aifluency/api/users?page=1&limit=10 - IP: ::1 - User-Agent: Mozilla/5.0 (Windows NT 10.0; Win64; x64; rv:146.0) Gecko/20100101 Firefox/146.0
[2025-12-29 14:45:23] GET /sci-bono-aifluency/api/users?page=1&limit=10 - IP: ::1 - User-Agent: Mozilla/5.0 (Windows NT 10.0; Win64; x64; rv:146.0) Gecko/20100101 Firefox/146.0
[2025-12-29 14:45:23] GET /sci-bono-aifluency/api/admin/activity?limit=10 - IP: ::1 - User-Agent: Mozilla/5.0 (Windows NT 10.0; Win64; x64; rv:146.0) Gecko/20100101 Firefox/146.0
[2025-12-29 14:45:23] GET /sci-bono-aifluency/api/admin/stats - IP: ::1 - User-Agent: Mozilla/5.0 (Windows NT 10.0; Win64; x64; rv:146.0) Gecko/20100101 Firefox/146.0
[2025-12-29 14:45:30] GET /sci-bono-aifluency/api/users?page=1&limit=10 - IP: ::1 - User-Agent: Mozilla/5.0 (Windows NT 10.0; Win64; x64; rv:146.0) Gecko/20100101 Firefox/146.0
[2025-12-29 14:45:30] GET /sci-bono-aifluency/api/admin/stats - IP: ::1 - User-Agent: Mozilla/5.0 (Windows NT 10.0; Win64; x64; rv:146.0) Gecko/20100101 Firefox/146.0
[2025-12-29 14:45:30] GET /sci-bono-aifluency/api/admin/activity?limit=10 - IP: ::1 - User-Agent: Mozilla/5.0 (Windows NT 10.0; Win64; x64; rv:146.0) Gecko/20100101 Firefox/146.0
[2025-12-29 14:53:47] GET /sci-bono-aifluency/api/admin/activity?limit=10 - IP: ::1 - User-Agent: Mozilla/5.0 (Windows NT 10.0; Win64; x64; rv:146.0) Gecko/20100101 Firefox/146.0
[2025-12-29 14:53:47] GET /sci-bono-aifluency/api/admin/stats - IP: ::1 - User-Agent: Mozilla/5.0 (Windows NT 10.0; Win64; x64; rv:146.0) Gecko/20100101 Firefox/146.0
[2025-12-29 14:53:47] GET /sci-bono-aifluency/api/users?page=1&limit=10 - IP: ::1 - User-Agent: Mozilla/5.0 (Windows NT 10.0; Win64; x64; rv:146.0) Gecko/20100101 Firefox/146.0
[2025-12-29 14:54:43] GET /sci-bono-aifluency/api/users?page=1&limit=10 - IP: ::1 - User-Agent: Mozilla/5.0 (Windows NT 10.0; Win64; x64; rv:146.0) Gecko/20100101 Firefox/146.0
[2025-12-29 14:54:43] GET /sci-bono-aifluency/api/admin/stats - IP: ::1 - User-Agent: Mozilla/5.0 (Windows NT 10.0; Win64; x64; rv:146.0) Gecko/20100101 Firefox/146.0
[2025-12-29 14:54:43] GET /sci-bono-aifluency/api/admin/activity?limit=10 - IP: ::1 - User-Agent: Mozilla/5.0 (Windows NT 10.0; Win64; x64; rv:146.0) Gecko/20100101 Firefox/146.0
[2025-12-29 14:54:47] POST /sci-bono-aifluency/api/auth/logout - IP: ::1 - User-Agent: Mozilla/5.0 (Windows NT 10.0; Win64; x64; rv:146.0) Gecko/20100101 Firefox/146.0
[2025-12-29 14:55:35] POST /sci-bono-aifluency/api/auth/login - IP: ::1 - User-Agent: Mozilla/5.0 (Windows NT 10.0; Win64; x64; rv:146.0) Gecko/20100101 Firefox/146.0
[2025-12-29 14:55:36] GET /sci-bono-aifluency/api/users?page=1&limit=10 - IP: ::1 - User-Agent: Mozilla/5.0 (Windows NT 10.0; Win64; x64; rv:146.0) Gecko/20100101 Firefox/146.0
[2025-12-29 14:55:36] GET /sci-bono-aifluency/api/admin/stats - IP: ::1 - User-Agent: Mozilla/5.0 (Windows NT 10.0; Win64; x64; rv:146.0) Gecko/20100101 Firefox/146.0
[2025-12-29 14:55:36] GET /sci-bono-aifluency/api/admin/activity?limit=10 - IP: ::1 - User-Agent: Mozilla/5.0 (Windows NT 10.0; Win64; x64; rv:146.0) Gecko/20100101 Firefox/146.0
[2025-12-29 14:55:52] POST /sci-bono-aifluency/api/auth/logout - IP: ::1 - User-Agent: Mozilla/5.0 (Windows NT 10.0; Win64; x64; rv:146.0) Gecko/20100101 Firefox/146.0
[2025-12-29 14:56:28] POST /sci-bono-aifluency/api/auth/login - IP: ::1 - User-Agent: Mozilla/5.0 (Windows NT 10.0; Win64; x64; rv:146.0) Gecko/20100101 Firefox/146.0
[2025-12-29 14:56:28] GET /sci-bono-aifluency/api/users?page=1&limit=10 - IP: ::1 - User-Agent: Mozilla/5.0 (Windows NT 10.0; Win64; x64; rv:146.0) Gecko/20100101 Firefox/146.0
[2025-12-29 14:56:28] GET /sci-bono-aifluency/api/admin/stats - IP: ::1 - User-Agent: Mozilla/5.0 (Windows NT 10.0; Win64; x64; rv:146.0) Gecko/20100101 Firefox/146.0
[2025-12-29 14:56:28] GET /sci-bono-aifluency/api/admin/activity?limit=10 - IP: ::1 - User-Agent: Mozilla/5.0 (Windows NT 10.0; Win64; x64; rv:146.0) Gecko/20100101 Firefox/146.0
[2025-12-29 14:56:48] GET /sci-bono-aifluency/api/users?page=1&limit=10 - IP: ::1 - User-Agent: Mozilla/5.0 (Windows NT 10.0; Win64; x64; rv:146.0) Gecko/20100101 Firefox/146.0
[2025-12-29 14:56:48] GET /sci-bono-aifluency/api/admin/stats - IP: ::1 - User-Agent: Mozilla/5.0 (Windows NT 10.0; Win64; x64; rv:146.0) Gecko/20100101 Firefox/146.0
[2025-12-29 14:56:48] GET /sci-bono-aifluency/api/admin/activity?limit=10 - IP: ::1 - User-Agent: Mozilla/5.0 (Windows NT 10.0; Win64; x64; rv:146.0) Gecko/20100101 Firefox/146.0
[2025-12-29 14:56:52] POST /sci-bono-aifluency/api/auth/logout - IP: ::1 - User-Agent: Mozilla/5.0 (Windows NT 10.0; Win64; x64; rv:146.0) Gecko/20100101 Firefox/146.0
[2025-12-29 18:07:56] POST /sci-bono-aifluency/api/auth/login - IP: ::1 - User-Agent: Mozilla/5.0 (Windows NT 10.0; Win64; x64; rv:146.0) Gecko/20100101 Firefox/146.0
[2025-12-29 18:07:57] GET /sci-bono-aifluency/api/users?page=1&limit=10 - IP: ::1 - User-Agent: Mozilla/5.0 (Windows NT 10.0; Win64; x64; rv:146.0) Gecko/20100101 Firefox/146.0
[2025-12-29 18:07:58] GET /sci-bono-aifluency/api/admin/stats - IP: ::1 - User-Agent: Mozilla/5.0 (Windows NT 10.0; Win64; x64; rv:146.0) Gecko/20100101 Firefox/146.0
[2025-12-29 18:07:58] GET /sci-bono-aifluency/api/admin/activity?limit=10 - IP: ::1 - User-Agent: Mozilla/5.0 (Windows NT 10.0; Win64; x64; rv:146.0) Gecko/20100101 Firefox/146.0
[2025-12-29 18:11:53] GET /sci-bono-aifluency/api/admin/stats - IP: ::1 - User-Agent: Mozilla/5.0 (Windows NT 10.0; Win64; x64; rv:146.0) Gecko/20100101 Firefox/146.0
[2025-12-29 18:11:53] GET /sci-bono-aifluency/api/admin/activity?limit=10 - IP: ::1 - User-Agent: Mozilla/5.0 (Windows NT 10.0; Win64; x64; rv:146.0) Gecko/20100101 Firefox/146.0
[2025-12-29 18:11:53] GET /sci-bono-aifluency/api/users?page=1&limit=10 - IP: ::1 - User-Agent: Mozilla/5.0 (Windows NT 10.0; Win64; x64; rv:146.0) Gecko/20100101 Firefox/146.0
[2025-12-29 18:12:07] POST /sci-bono-aifluency/api/auth/logout - IP: ::1 - User-Agent: Mozilla/5.0 (Windows NT 10.0; Win64; x64; rv:146.0) Gecko/20100101 Firefox/146.0
[2025-12-29 18:33:36] POST /sci-bono-aifluency/api/auth/login - IP: 127.0.0.1 - User-Agent: curl/7.81.0
[2025-12-29 18:38:01] POST /sci-bono-aifluency/api/auth/login - IP: ::1 - User-Agent: Mozilla/5.0 (Windows NT 10.0; Win64; x64; rv:146.0) Gecko/20100101 Firefox/146.0
[2025-12-29 18:38:02] GET /sci-bono-aifluency/api/users?page=1&limit=10 - IP: ::1 - User-Agent: Mozilla/5.0 (Windows NT 10.0; Win64; x64; rv:146.0) Gecko/20100101 Firefox/146.0
[2025-12-29 18:38:02] GET /sci-bono-aifluency/api/admin/stats - IP: ::1 - User-Agent: Mozilla/5.0 (Windows NT 10.0; Win64; x64; rv:146.0) Gecko/20100101 Firefox/146.0
[2025-12-29 18:38:02] GET /sci-bono-aifluency/api/admin/activity?limit=10 - IP: ::1 - User-Agent: Mozilla/5.0 (Windows NT 10.0; Win64; x64; rv:146.0) Gecko/20100101 Firefox/146.0
[2025-12-29 18:50:11] GET /sci-bono-aifluency/api/admin/activity?limit=10 - IP: ::1 - User-Agent: Mozilla/5.0 (Windows NT 10.0; Win64; x64; rv:146.0) Gecko/20100101 Firefox/146.0
[2025-12-29 18:50:11] GET /sci-bono-aifluency/api/users?page=1&limit=10 - IP: ::1 - User-Agent: Mozilla/5.0 (Windows NT 10.0; Win64; x64; rv:146.0) Gecko/20100101 Firefox/146.0
[2025-12-29 18:50:11] GET /sci-bono-aifluency/api/admin/stats - IP: ::1 - User-Agent: Mozilla/5.0 (Windows NT 10.0; Win64; x64; rv:146.0) Gecko/20100101 Firefox/146.0
[2025-12-29 18:50:25] POST /sci-bono-aifluency/api/auth/logout - IP: ::1 - User-Agent: Mozilla/5.0 (Windows NT 10.0; Win64; x64; rv:146.0) Gecko/20100101 Firefox/146.0
[2025-12-29 18:52:29] POST /sci-bono-aifluency/api/auth/register - IP: ::1 - User-Agent: Mozilla/5.0 (Windows NT 10.0; Win64; x64; rv:146.0) Gecko/20100101 Firefox/146.0
[2025-12-29 18:52:31] GET /sci-bono-aifluency/api/courses/enrolled - IP: ::1 - User-Agent: Mozilla/5.0 (Windows NT 10.0; Win64; x64; rv:146.0) Gecko/20100101 Firefox/146.0
[2025-12-29 18:52:31] GET /sci-bono-aifluency/api/quizzes/attempts/recent?limit=5 - IP: ::1 - User-Agent: Mozilla/5.0 (Windows NT 10.0; Win64; x64; rv:146.0) Gecko/20100101 Firefox/146.0
[2025-12-29 18:52:31] GET /sci-bono-aifluency/api/users/me/stats - IP: ::1 - User-Agent: Mozilla/5.0 (Windows NT 10.0; Win64; x64; rv:146.0) Gecko/20100101 Firefox/146.0
[2025-12-29 18:52:31] GET /sci-bono-aifluency/api/certificates/my-certificates - IP: ::1 - User-Agent: Mozilla/5.0 (Windows NT 10.0; Win64; x64; rv:146.0) Gecko/20100101 Firefox/146.0
[2025-12-29 18:53:52] GET /sci-bono-aifluency/api/courses/enrolled - IP: ::1 - User-Agent: Mozilla/5.0 (Windows NT 10.0; Win64; x64; rv:146.0) Gecko/20100101 Firefox/146.0
[2025-12-29 18:53:52] GET /sci-bono-aifluency/api/users/me/stats - IP: ::1 - User-Agent: Mozilla/5.0 (Windows NT 10.0; Win64; x64; rv:146.0) Gecko/20100101 Firefox/146.0
[2025-12-29 18:53:52] GET /sci-bono-aifluency/api/certificates/my-certificates - IP: ::1 - User-Agent: Mozilla/5.0 (Windows NT 10.0; Win64; x64; rv:146.0) Gecko/20100101 Firefox/146.0
[2025-12-29 18:53:52] GET /sci-bono-aifluency/api/quizzes/attempts/recent?limit=5 - IP: ::1 - User-Agent: Mozilla/5.0 (Windows NT 10.0; Win64; x64; rv:146.0) Gecko/20100101 Firefox/146.0
[2025-12-29 18:55:09] POST /sci-bono-aifluency/api/auth/logout - IP: ::1 - User-Agent: Mozilla/5.0 (Windows NT 10.0; Win64; x64; rv:146.0) Gecko/20100101 Firefox/146.0
[2025-12-30 12:26:51] POST /sci-bono-aifluency/api/auth/login - IP: 127.0.0.1 - User-Agent: unknown
[2025-12-30 12:27:50] POST /sci-bono-aifluency/api/auth/login - IP: 127.0.0.1 - User-Agent: unknown
[2025-12-30 12:28:03] POST /sci-bono-aifluency/api/auth/login - IP: 127.0.0.1 - User-Agent: unknown
[2025-12-30 12:28:03] POST /sci-bono-aifluency/api/quiz-questions - IP: 127.0.0.1 - User-Agent: unknown
[2025-12-30 12:28:03] POST /sci-bono-aifluency/api/quiz-questions - IP: 127.0.0.1 - User-Agent: unknown
[2025-12-30 12:28:04] POST /sci-bono-aifluency/api/quiz-questions - IP: 127.0.0.1 - User-Agent: unknown
[2025-12-30 12:28:51] POST /sci-bono-aifluency/api/auth/login - IP: 127.0.0.1 - User-Agent: unknown
[2025-12-30 12:28:51] POST /sci-bono-aifluency/api/quiz-questions - IP: 127.0.0.1 - User-Agent: unknown
[2025-12-30 12:28:51] POST /sci-bono-aifluency/api/quiz-questions - IP: 127.0.0.1 - User-Agent: unknown
[2025-12-30 12:28:51] POST /sci-bono-aifluency/api/quiz-questions - IP: 127.0.0.1 - User-Agent: unknown
[2025-12-30 12:29:10] POST /sci-bono-aifluency/api/auth/login - IP: 127.0.0.1 - User-Agent: unknown
[2025-12-30 12:29:10] POST /sci-bono-aifluency/api/quiz-questions - IP: 127.0.0.1 - User-Agent: unknown
[2025-12-30 12:29:10] POST /sci-bono-aifluency/api/quiz-questions - IP: 127.0.0.1 - User-Agent: unknown
[2025-12-30 12:29:10] POST /sci-bono-aifluency/api/quiz-questions - IP: 127.0.0.1 - User-Agent: unknown
[2025-12-30 12:29:51] POST /sci-bono-aifluency/api/auth/login - IP: 127.0.0.1 - User-Agent: unknown
[2025-12-30 12:29:51] POST /sci-bono-aifluency/api/quiz-questions - IP: 127.0.0.1 - User-Agent: unknown
[2025-12-30 12:29:51] PUT /sci-bono-aifluency/api/quiz-questions/73 - IP: 127.0.0.1 - User-Agent: unknown
[2025-12-30 12:29:51] POST /sci-bono-aifluency/api/quiz-questions - IP: 127.0.0.1 - User-Agent: unknown
[2025-12-30 12:29:52] POST /sci-bono-aifluency/api/quiz-questions - IP: 127.0.0.1 - User-Agent: unknown
[2025-12-30 12:31:08] POST /sci-bono-aifluency/api/auth/login - IP: 127.0.0.1 - User-Agent: unknown
[2025-12-30 12:31:08] POST /sci-bono-aifluency/api/quiz-questions - IP: 127.0.0.1 - User-Agent: unknown
[2025-12-30 12:31:08] PUT /sci-bono-aifluency/api/quiz-questions/74 - IP: 127.0.0.1 - User-Agent: unknown
[2025-12-30 12:31:08] POST /sci-bono-aifluency/api/quiz-questions - IP: 127.0.0.1 - User-Agent: unknown
[2025-12-30 12:31:08] DELETE /sci-bono-aifluency/api/quiz-questions/74 - IP: 127.0.0.1 - User-Agent: unknown
[2025-12-30 12:31:08] DELETE /sci-bono-aifluency/api/quiz-questions/99999 - IP: 127.0.0.1 - User-Agent: unknown
[2025-12-30 12:31:08] POST /sci-bono-aifluency/api/quiz-questions - IP: 127.0.0.1 - User-Agent: unknown
[2025-12-30 13:17:49] POST /sci-bono-aifluency/api/auth/login - IP: 127.0.0.1 - User-Agent: unknown
[2026-01-14 11:02:29] POST /sci-bono-aifluency/api/auth/login - IP: ::1 - User-Agent: Mozilla/5.0 (Windows NT 10.0; Win64; x64; rv:146.0) Gecko/20100101 Firefox/146.0
[2026-01-14 11:02:30] GET /sci-bono-aifluency/api/quizzes/attempts/recent?limit=5 - IP: ::1 - User-Agent: Mozilla/5.0 (Windows NT 10.0; Win64; x64; rv:146.0) Gecko/20100101 Firefox/146.0
[2026-01-14 11:02:30] GET /sci-bono-aifluency/api/courses/enrolled - IP: ::1 - User-Agent: Mozilla/5.0 (Windows NT 10.0; Win64; x64; rv:146.0) Gecko/20100101 Firefox/146.0
[2026-01-14 11:02:30] GET /sci-bono-aifluency/api/users/me/stats - IP: ::1 - User-Agent: Mozilla/5.0 (Windows NT 10.0; Win64; x64; rv:146.0) Gecko/20100101 Firefox/146.0
[2026-01-14 11:02:30] GET /sci-bono-aifluency/api/certificates/my-certificates - IP: ::1 - User-Agent: Mozilla/5.0 (Windows NT 10.0; Win64; x64; rv:146.0) Gecko/20100101 Firefox/146.0
[2026-01-14 11:03:05] GET /sci-bono-aifluency/api/modules/1 - IP: ::1 - User-Agent: Mozilla/5.0 (Windows NT 10.0; Win64; x64; rv:146.0) Gecko/20100101 Firefox/146.0
[2026-01-14 11:03:18] GET /sci-bono-aifluency/api/certificates/my-certificates - IP: ::1 - User-Agent: Mozilla/5.0 (Windows NT 10.0; Win64; x64; rv:146.0) Gecko/20100101 Firefox/146.0
[2026-01-14 11:03:18] GET /sci-bono-aifluency/api/quizzes/attempts/recent?limit=5 - IP: ::1 - User-Agent: Mozilla/5.0 (Windows NT 10.0; Win64; x64; rv:146.0) Gecko/20100101 Firefox/146.0
[2026-01-14 11:03:18] GET /sci-bono-aifluency/api/courses/enrolled - IP: ::1 - User-Agent: Mozilla/5.0 (Windows NT 10.0; Win64; x64; rv:146.0) Gecko/20100101 Firefox/146.0
[2026-01-14 11:03:18] GET /sci-bono-aifluency/api/users/me/stats - IP: ::1 - User-Agent: Mozilla/5.0 (Windows NT 10.0; Win64; x64; rv:146.0) Gecko/20100101 Firefox/146.0
[2026-01-14 11:03:40] POST /sci-bono-aifluency/api/auth/logout - IP: ::1 - User-Agent: Mozilla/5.0 (Windows NT 10.0; Win64; x64; rv:146.0) Gecko/20100101 Firefox/146.0
[2026-01-14 11:04:23] POST /sci-bono-aifluency/api/auth/login - IP: ::1 - User-Agent: Mozilla/5.0 (Windows NT 10.0; Win64; x64; rv:146.0) Gecko/20100101 Firefox/146.0
[2026-01-14 11:04:28] POST /sci-bono-aifluency/api/auth/login - IP: ::1 - User-Agent: Mozilla/5.0 (Windows NT 10.0; Win64; x64; rv:146.0) Gecko/20100101 Firefox/146.0
[2026-01-14 11:04:37] POST /sci-bono-aifluency/api/auth/login - IP: ::1 - User-Agent: Mozilla/5.0 (Windows NT 10.0; Win64; x64; rv:146.0) Gecko/20100101 Firefox/146.0
[2026-01-14 11:04:39] POST /sci-bono-aifluency/api/auth/login - IP: ::1 - User-Agent: Mozilla/5.0 (Windows NT 10.0; Win64; x64; rv:146.0) Gecko/20100101 Firefox/146.0
[2026-01-22 06:48:17] POST /sci-bono-aifluency/api/auth/login - IP: ::1 - User-Agent: Mozilla/5.0 (Windows NT 10.0; Win64; x64; rv:147.0) Gecko/20100101 Firefox/147.0
[2026-01-22 06:48:18] GET /sci-bono-aifluency/api/quizzes/attempts/recent?limit=5 - IP: ::1 - User-Agent: Mozilla/5.0 (Windows NT 10.0; Win64; x64; rv:147.0) Gecko/20100101 Firefox/147.0
[2026-01-22 06:48:18] GET /sci-bono-aifluency/api/courses/enrolled - IP: ::1 - User-Agent: Mozilla/5.0 (Windows NT 10.0; Win64; x64; rv:147.0) Gecko/20100101 Firefox/147.0
[2026-01-22 06:48:18] GET /sci-bono-aifluency/api/users/me/stats - IP: ::1 - User-Agent: Mozilla/5.0 (Windows NT 10.0; Win64; x64; rv:147.0) Gecko/20100101 Firefox/147.0
[2026-01-22 06:48:18] GET /sci-bono-aifluency/api/certificates/my-certificates - IP: ::1 - User-Agent: Mozilla/5.0 (Windows NT 10.0; Win64; x64; rv:147.0) Gecko/20100101 Firefox/147.0
[2026-01-22 06:48:27] GET /sci-bono-aifluency/api/courses/enrolled - IP: ::1 - User-Agent: Mozilla/5.0 (Windows NT 10.0; Win64; x64; rv:147.0) Gecko/20100101 Firefox/147.0
[2026-01-22 06:48:27] GET /sci-bono-aifluency/api/certificates/my-certificates - IP: ::1 - User-Agent: Mozilla/5.0 (Windows NT 10.0; Win64; x64; rv:147.0) Gecko/20100101 Firefox/147.0
[2026-01-22 06:48:27] GET /sci-bono-aifluency/api/quizzes/attempts/recent?limit=5 - IP: ::1 - User-Agent: Mozilla/5.0 (Windows NT 10.0; Win64; x64; rv:147.0) Gecko/20100101 Firefox/147.0
[2026-01-22 06:48:27] GET /sci-bono-aifluency/api/users/me/stats - IP: ::1 - User-Agent: Mozilla/5.0 (Windows NT 10.0; Win64; x64; rv:147.0) Gecko/20100101 Firefox/147.0
[2026-01-22 06:48:29] GET /sci-bono-aifluency/api/certificates/my-certificates - IP: ::1 - User-Agent: Mozilla/5.0 (Windows NT 10.0; Win64; x64; rv:147.0) Gecko/20100101 Firefox/147.0
[2026-01-22 06:48:29] GET /sci-bono-aifluency/api/courses/enrolled - IP: ::1 - User-Agent: Mozilla/5.0 (Windows NT 10.0; Win64; x64; rv:147.0) Gecko/20100101 Firefox/147.0
[2026-01-22 06:48:29] GET /sci-bono-aifluency/api/users/me/stats - IP: ::1 - User-Agent: Mozilla/5.0 (Windows NT 10.0; Win64; x64; rv:147.0) Gecko/20100101 Firefox/147.0
[2026-01-22 06:48:29] GET /sci-bono-aifluency/api/quizzes/attempts/recent?limit=5 - IP: ::1 - User-Agent: Mozilla/5.0 (Windows NT 10.0; Win64; x64; rv:147.0) Gecko/20100101 Firefox/147.0
[2026-01-22 06:48:31] GET /sci-bono-aifluency/api/quizzes/attempts/recent?limit=5 - IP: ::1 - User-Agent: Mozilla/5.0 (Windows NT 10.0; Win64; x64; rv:147.0) Gecko/20100101 Firefox/147.0
[2026-01-22 06:48:31] GET /sci-bono-aifluency/api/certificates/my-certificates - IP: ::1 - User-Agent: Mozilla/5.0 (Windows NT 10.0; Win64; x64; rv:147.0) Gecko/20100101 Firefox/147.0
[2026-01-22 06:48:31] GET /sci-bono-aifluency/api/users/me/stats - IP: ::1 - User-Agent: Mozilla/5.0 (Windows NT 10.0; Win64; x64; rv:147.0) Gecko/20100101 Firefox/147.0
[2026-01-22 06:48:31] GET /sci-bono-aifluency/api/courses/enrolled - IP: ::1 - User-Agent: Mozilla/5.0 (Windows NT 10.0; Win64; x64; rv:147.0) Gecko/20100101 Firefox/147.0
[2026-01-22 06:48:32] GET /sci-bono-aifluency/api/courses/enrolled - IP: ::1 - User-Agent: Mozilla/5.0 (Windows NT 10.0; Win64; x64; rv:147.0) Gecko/20100101 Firefox/147.0
[2026-01-22 06:48:32] GET /sci-bono-aifluency/api/certificates/my-certificates - IP: ::1 - User-Agent: Mozilla/5.0 (Windows NT 10.0; Win64; x64; rv:147.0) Gecko/20100101 Firefox/147.0
[2026-01-22 06:48:32] GET /sci-bono-aifluency/api/quizzes/attempts/recent?limit=5 - IP: ::1 - User-Agent: Mozilla/5.0 (Windows NT 10.0; Win64; x64; rv:147.0) Gecko/20100101 Firefox/147.0
[2026-01-22 06:48:32] GET /sci-bono-aifluency/api/users/me/stats - IP: ::1 - User-Agent: Mozilla/5.0 (Windows NT 10.0; Win64; x64; rv:147.0) Gecko/20100101 Firefox/147.0
[2026-01-22 06:48:33] GET /sci-bono-aifluency/api/courses/enrolled - IP: ::1 - User-Agent: Mozilla/5.0 (Windows NT 10.0; Win64; x64; rv:147.0) Gecko/20100101 Firefox/147.0
[2026-01-22 06:48:33] GET /sci-bono-aifluency/api/quizzes/attempts/recent?limit=5 - IP: ::1 - User-Agent: Mozilla/5.0 (Windows NT 10.0; Win64; x64; rv:147.0) Gecko/20100101 Firefox/147.0
[2026-01-22 06:48:33] GET /sci-bono-aifluency/api/users/me/stats - IP: ::1 - User-Agent: Mozilla/5.0 (Windows NT 10.0; Win64; x64; rv:147.0) Gecko/20100101 Firefox/147.0
[2026-01-22 06:48:33] GET /sci-bono-aifluency/api/certificates/my-certificates - IP: ::1 - User-Agent: Mozilla/5.0 (Windows NT 10.0; Win64; x64; rv:147.0) Gecko/20100101 Firefox/147.0
[2026-01-22 06:49:02] GET /sci-bono-aifluency/api/users/me/stats - IP: ::1 - User-Agent: Mozilla/5.0 (Windows NT 10.0; Win64; x64; rv:147.0) Gecko/20100101 Firefox/147.0
[2026-01-22 06:49:02] GET /sci-bono-aifluency/api/certificates/my-certificates - IP: ::1 - User-Agent: Mozilla/5.0 (Windows NT 10.0; Win64; x64; rv:147.0) Gecko/20100101 Firefox/147.0
[2026-01-22 06:49:02] GET /sci-bono-aifluency/api/quizzes/attempts/recent?limit=5 - IP: ::1 - User-Agent: Mozilla/5.0 (Windows NT 10.0; Win64; x64; rv:147.0) Gecko/20100101 Firefox/147.0
[2026-01-22 06:49:02] GET /sci-bono-aifluency/api/courses/enrolled - IP: ::1 - User-Agent: Mozilla/5.0 (Windows NT 10.0; Win64; x64; rv:147.0) Gecko/20100101 Firefox/147.0
[2026-01-22 06:51:27] POST /sci-bono-aifluency/api/auth/logout - IP: ::1 - User-Agent: Mozilla/5.0 (Windows NT 10.0; Win64; x64; rv:147.0) Gecko/20100101 Firefox/147.0
[2026-01-22 06:51:49] POST /sci-bono-aifluency/api/auth/login - IP: ::1 - User-Agent: Mozilla/5.0 (Windows NT 10.0; Win64; x64; rv:147.0) Gecko/20100101 Firefox/147.0
[2026-01-22 06:52:02] POST /sci-bono-aifluency/api/auth/login - IP: ::1 - User-Agent: Mozilla/5.0 (Windows NT 10.0; Win64; x64; rv:147.0) Gecko/20100101 Firefox/147.0
[2026-01-22 06:52:42] POST /sci-bono-aifluency/api/auth/login - IP: ::1 - User-Agent: Mozilla/5.0 (Windows NT 10.0; Win64; x64; rv:147.0) Gecko/20100101 Firefox/147.0
[2026-01-22 06:53:16] POST /sci-bono-aifluency/api/auth/login - IP: ::1 - User-Agent: Mozilla/5.0 (Windows NT 10.0; Win64; x64; rv:147.0) Gecko/20100101 Firefox/147.0
[2026-01-22 22:31:06] POST /sci-bono-aifluency/api/auth/login - IP: ::1 - User-Agent: Mozilla/5.0 (Windows NT 10.0; Win64; x64; rv:147.0) Gecko/20100101 Firefox/147.0
[2026-01-22 22:31:27] POST /sci-bono-aifluency/api/auth/login - IP: ::1 - User-Agent: Mozilla/5.0 (Windows NT 10.0; Win64; x64; rv:147.0) Gecko/20100101 Firefox/147.0
[2026-01-22 22:31:36] POST /sci-bono-aifluency/api/auth/login - IP: ::1 - User-Agent: Mozilla/5.0 (Windows NT 10.0; Win64; x64; rv:147.0) Gecko/20100101 Firefox/147.0
[2026-01-22 22:32:35] POST /sci-bono-aifluency/api/auth/login - IP: ::1 - User-Agent: Mozilla/5.0 (Windows NT 10.0; Win64; x64; rv:147.0) Gecko/20100101 Firefox/147.0
[2026-01-22 22:32:43] POST /sci-bono-aifluency/api/auth/login - IP: ::1 - User-Agent: Mozilla/5.0 (Windows NT 10.0; Win64; x64; rv:147.0) Gecko/20100101 Firefox/147.0
[2026-01-22 22:32:54] POST /sci-bono-aifluency/api/auth/login - IP: ::1 - User-Agent: Mozilla/5.0 (Windows NT 10.0; Win64; x64; rv:147.0) Gecko/20100101 Firefox/147.0
[2026-01-22 22:37:25] POST /sci-bono-aifluency/api/auth/login - IP: ::1 - User-Agent: Mozilla/5.0 (Windows NT 10.0; Win64; x64; rv:147.0) Gecko/20100101 Firefox/147.0
[2026-01-22 22:37:26] GET /sci-bono-aifluency/api/users?page=1&limit=10 - IP: ::1 - User-Agent: Mozilla/5.0 (Windows NT 10.0; Win64; x64; rv:147.0) Gecko/20100101 Firefox/147.0
[2026-01-22 22:37:26] GET /sci-bono-aifluency/api/admin/stats - IP: ::1 - User-Agent: Mozilla/5.0 (Windows NT 10.0; Win64; x64; rv:147.0) Gecko/20100101 Firefox/147.0
[2026-01-22 22:37:26] GET /sci-bono-aifluency/api/admin/activity?limit=10 - IP: ::1 - User-Agent: Mozilla/5.0 (Windows NT 10.0; Win64; x64; rv:147.0) Gecko/20100101 Firefox/147.0
[2026-01-22 22:37:47] GET /sci-bono-aifluency/api/admin/activity?limit=10 - IP: ::1 - User-Agent: Mozilla/5.0 (Windows NT 10.0; Win64; x64; rv:147.0) Gecko/20100101 Firefox/147.0
[2026-01-22 22:37:47] GET /sci-bono-aifluency/api/admin/stats - IP: ::1 - User-Agent: Mozilla/5.0 (Windows NT 10.0; Win64; x64; rv:147.0) Gecko/20100101 Firefox/147.0
[2026-01-22 22:37:47] GET /sci-bono-aifluency/api/users?page=1&limit=10 - IP: ::1 - User-Agent: Mozilla/5.0 (Windows NT 10.0; Win64; x64; rv:147.0) Gecko/20100101 Firefox/147.0
[2026-01-22 22:38:29] GET /sci-bono-aifluency/api/admin/activity?limit=10 - IP: ::1 - User-Agent: Mozilla/5.0 (Windows NT 10.0; Win64; x64; rv:147.0) Gecko/20100101 Firefox/147.0
[2026-01-22 22:38:29] GET /sci-bono-aifluency/api/admin/stats - IP: ::1 - User-Agent: Mozilla/5.0 (Windows NT 10.0; Win64; x64; rv:147.0) Gecko/20100101 Firefox/147.0
[2026-01-22 22:38:29] GET /sci-bono-aifluency/api/users?page=1&limit=10 - IP: ::1 - User-Agent: Mozilla/5.0 (Windows NT 10.0; Win64; x64; rv:147.0) Gecko/20100101 Firefox/147.0
[2026-01-22 22:53:18] GET /sci-bono-aifluency/api/users?page=1&limit=10 - IP: ::1 - User-Agent: Mozilla/5.0 (Windows NT 10.0; Win64; x64; rv:147.0) Gecko/20100101 Firefox/147.0
[2026-01-22 22:53:18] GET /sci-bono-aifluency/api/admin/activity?limit=10 - IP: ::1 - User-Agent: Mozilla/5.0 (Windows NT 10.0; Win64; x64; rv:147.0) Gecko/20100101 Firefox/147.0
[2026-01-22 22:53:18] GET /sci-bono-aifluency/api/admin/stats - IP: ::1 - User-Agent: Mozilla/5.0 (Windows NT 10.0; Win64; x64; rv:147.0) Gecko/20100101 Firefox/147.0
[2026-01-22 22:53:31] POST /sci-bono-aifluency/api/auth/logout - IP: ::1 - User-Agent: Mozilla/5.0 (Windows NT 10.0; Win64; x64; rv:147.0) Gecko/20100101 Firefox/147.0
[2026-02-02 12:51:27] POST /sci-bono-aifluency/api/auth/login - IP: ::1 - User-Agent: Mozilla/5.0 (Windows NT 10.0; Win64; x64; rv:147.0) Gecko/20100101 Firefox/147.0
[2026-02-02 12:51:27] GET /sci-bono-aifluency/api/users?page=1&limit=10 - IP: ::1 - User-Agent: Mozilla/5.0 (Windows NT 10.0; Win64; x64; rv:147.0) Gecko/20100101 Firefox/147.0
[2026-02-02 12:51:27] GET /sci-bono-aifluency/api/admin/activity?limit=10 - IP: ::1 - User-Agent: Mozilla/5.0 (Windows NT 10.0; Win64; x64; rv:147.0) Gecko/20100101 Firefox/147.0
[2026-02-02 12:51:27] GET /sci-bono-aifluency/api/admin/stats - IP: ::1 - User-Agent: Mozilla/5.0 (Windows NT 10.0; Win64; x64; rv:147.0) Gecko/20100101 Firefox/147.0
[2026-02-02 12:58:12] GET /sci-bono-aifluency/api/users?page=1&limit=10 - IP: ::1 - User-Agent: Mozilla/5.0 (Windows NT 10.0; Win64; x64; rv:147.0) Gecko/20100101 Firefox/147.0
[2026-02-02 12:58:12] GET /sci-bono-aifluency/api/admin/stats - IP: ::1 - User-Agent: Mozilla/5.0 (Windows NT 10.0; Win64; x64; rv:147.0) Gecko/20100101 Firefox/147.0
[2026-02-02 12:58:12] GET /sci-bono-aifluency/api/admin/activity?limit=10 - IP: ::1 - User-Agent: Mozilla/5.0 (Windows NT 10.0; Win64; x64; rv:147.0) Gecko/20100101 Firefox/147.0
[2026-02-02 13:00:00] POST /sci-bono-aifluency/api/auth/logout - IP: ::1 - User-Agent: Mozilla/5.0 (Windows NT 10.0; Win64; x64; rv:147.0) Gecko/20100101 Firefox/147.0
[2026-02-02 13:09:28] GET /sci-bono-aifluency/api/modules/1 - IP: ::1 - User-Agent: Mozilla/5.0 (Windows NT 10.0; Win64; x64; rv:147.0) Gecko/20100101 Firefox/147.0
[2026-02-02 13:12:03] POST /sci-bono-aifluency/api/auth/login - IP: ::1 - User-Agent: Mozilla/5.0 (Windows NT 10.0; Win64; x64; rv:147.0) Gecko/20100101 Firefox/147.0
[2026-02-02 13:12:03] GET /sci-bono-aifluency/api/users?page=1&limit=10 - IP: ::1 - User-Agent: Mozilla/5.0 (Windows NT 10.0; Win64; x64; rv:147.0) Gecko/20100101 Firefox/147.0
[2026-02-02 13:12:03] GET /sci-bono-aifluency/api/admin/stats - IP: ::1 - User-Agent: Mozilla/5.0 (Windows NT 10.0; Win64; x64; rv:147.0) Gecko/20100101 Firefox/147.0
[2026-02-02 13:12:03] GET /sci-bono-aifluency/api/admin/activity?limit=10 - IP: ::1 - User-Agent: Mozilla/5.0 (Windows NT 10.0; Win64; x64; rv:147.0) Gecko/20100101 Firefox/147.0
[2026-02-02 13:12:21] POST /sci-bono-aifluency/api/auth/logout - IP: ::1 - User-Agent: Mozilla/5.0 (Windows NT 10.0; Win64; x64; rv:147.0) Gecko/20100101 Firefox/147.0
[2026-02-02 13:12:39] POST /sci-bono-aifluency/api/auth/login - IP: ::1 - User-Agent: Mozilla/5.0 (Windows NT 10.0; Win64; x64; rv:147.0) Gecko/20100101 Firefox/147.0
[2026-02-02 13:12:46] POST /sci-bono-aifluency/api/auth/login - IP: ::1 - User-Agent: Mozilla/5.0 (Windows NT 10.0; Win64; x64; rv:147.0) Gecko/20100101 Firefox/147.0
[2026-02-02 13:12:53] POST /sci-bono-aifluency/api/auth/login - IP: ::1 - User-Agent: Mozilla/5.0 (Windows NT 10.0; Win64; x64; rv:147.0) Gecko/20100101 Firefox/147.0
[2026-02-02 13:13:03] POST /sci-bono-aifluency/api/auth/login - IP: ::1 - User-Agent: Mozilla/5.0 (Windows NT 10.0; Win64; x64; rv:147.0) Gecko/20100101 Firefox/147.0
[2026-02-02 13:13:03] GET /sci-bono-aifluency/api/users?page=1&limit=10 - IP: ::1 - User-Agent: Mozilla/5.0 (Windows NT 10.0; Win64; x64; rv:147.0) Gecko/20100101 Firefox/147.0
[2026-02-02 13:13:03] GET /sci-bono-aifluency/api/admin/activity?limit=10 - IP: ::1 - User-Agent: Mozilla/5.0 (Windows NT 10.0; Win64; x64; rv:147.0) Gecko/20100101 Firefox/147.0
[2026-02-02 13:13:03] GET /sci-bono-aifluency/api/admin/stats - IP: ::1 - User-Agent: Mozilla/5.0 (Windows NT 10.0; Win64; x64; rv:147.0) Gecko/20100101 Firefox/147.0
[2026-02-02 13:13:34] GET /sci-bono-aifluency/api/admin/activity?limit=10 - IP: ::1 - User-Agent: Mozilla/5.0 (Windows NT 10.0; Win64; x64; rv:147.0) Gecko/20100101 Firefox/147.0
[2026-02-02 13:13:34] GET /sci-bono-aifluency/api/users?page=1&limit=10 - IP: ::1 - User-Agent: Mozilla/5.0 (Windows NT 10.0; Win64; x64; rv:147.0) Gecko/20100101 Firefox/147.0
[2026-02-02 13:13:34] GET /sci-bono-aifluency/api/admin/stats - IP: ::1 - User-Agent: Mozilla/5.0 (Windows NT 10.0; Win64; x64; rv:147.0) Gecko/20100101 Firefox/147.0
[2026-02-02 13:14:04] POST /sci-bono-aifluency/api/auth/logout - IP: ::1 - User-Agent: Mozilla/5.0 (Windows NT 10.0; Win64; x64; rv:147.0) Gecko/20100101 Firefox/147.0
[2026-02-02 13:16:35] POST /sci-bono-aifluency/api/auth/login - IP: ::1 - User-Agent: Mozilla/5.0 (Windows NT 10.0; Win64; x64; rv:147.0) Gecko/20100101 Firefox/147.0
[2026-02-02 13:16:36] GET /sci-bono-aifluency/api/quizzes/attempts/recent?limit=5 - IP: ::1 - User-Agent: Mozilla/5.0 (Windows NT 10.0; Win64; x64; rv:147.0) Gecko/20100101 Firefox/147.0
[2026-02-02 13:16:36] GET /sci-bono-aifluency/api/courses/enrolled - IP: ::1 - User-Agent: Mozilla/5.0 (Windows NT 10.0; Win64; x64; rv:147.0) Gecko/20100101 Firefox/147.0
[2026-02-02 13:16:36] GET /sci-bono-aifluency/api/certificates/my-certificates - IP: ::1 - User-Agent: Mozilla/5.0 (Windows NT 10.0; Win64; x64; rv:147.0) Gecko/20100101 Firefox/147.0
[2026-02-02 13:16:36] GET /sci-bono-aifluency/api/users/me/stats - IP: ::1 - User-Agent: Mozilla/5.0 (Windows NT 10.0; Win64; x64; rv:147.0) Gecko/20100101 Firefox/147.0
[2026-02-02 13:32:20] POST /sci-bono-aifluency/api/auth/logout - IP: ::1 - User-Agent: Mozilla/5.0 (Windows NT 10.0; Win64; x64; rv:147.0) Gecko/20100101 Firefox/147.0
[2026-02-02 18:43:40] POST /sci-bono-aifluency/api/auth/login - IP: ::1 - User-Agent: Mozilla/5.0 (Windows NT 10.0; Win64; x64; rv:147.0) Gecko/20100101 Firefox/147.0
[2026-02-02 18:43:54] POST /sci-bono-aifluency/api/auth/login - IP: ::1 - User-Agent: Mozilla/5.0 (Windows NT 10.0; Win64; x64; rv:147.0) Gecko/20100101 Firefox/147.0
[2026-02-02 21:43:05] POST /sci-bono-aifluency/api/auth/login - IP: ::1 - User-Agent: Mozilla/5.0 (Windows NT 10.0; Win64; x64; rv:147.0) Gecko/20100101 Firefox/147.0
[2026-02-02 21:57:36] POST /sci-bono-aifluency/api/auth/login - IP: 127.0.0.1 - User-Agent: curl/7.81.0
[2026-02-02 21:58:23] POST /sci-bono-aifluency/api/auth/login - IP: 127.0.0.1 - User-Agent: curl/7.81.0
[2026-02-02 21:59:25] POST /sci-bono-aifluency/api/auth/login - IP: 127.0.0.1 - User-Agent: curl/7.81.0
[2026-02-02 22:01:33] POST /sci-bono-aifluency/api/auth/login - IP: 127.0.0.1 - User-Agent: curl/7.81.0
[2026-02-02 22:01:43] POST /sci-bono-aifluency/api/auth/login - IP: 127.0.0.1 - User-Agent: curl/7.81.0
[2026-02-02 22:03:02] POST /sci-bono-aifluency/api/auth/login - IP: 127.0.0.1 - User-Agent: curl/7.81.0
[2026-02-02 22:03:25] POST /sci-bono-aifluency/api/auth/register - IP: 127.0.0.1 - User-Agent: curl/7.81.0
[2026-02-02 22:04:46] POST /sci-bono-aifluency/api/auth/login - IP: ::1 - User-Agent: Mozilla/5.0 (Windows NT 10.0; Win64; x64; rv:147.0) Gecko/20100101 Firefox/147.0
[2026-02-02 22:04:47] GET /sci-bono-aifluency/api/users?page=1&limit=10 - IP: ::1 - User-Agent: Mozilla/5.0 (Windows NT 10.0; Win64; x64; rv:147.0) Gecko/20100101 Firefox/147.0
[2026-02-02 22:04:47] GET /sci-bono-aifluency/api/admin/stats - IP: ::1 - User-Agent: Mozilla/5.0 (Windows NT 10.0; Win64; x64; rv:147.0) Gecko/20100101 Firefox/147.0
[2026-02-02 22:04:47] GET /sci-bono-aifluency/api/admin/activity?limit=10 - IP: ::1 - User-Agent: Mozilla/5.0 (Windows NT 10.0; Win64; x64; rv:147.0) Gecko/20100101 Firefox/147.0
[2026-02-02 22:59:50] POST /sci-bono-aifluency/api/auth/refresh - IP: ::1 - User-Agent: Mozilla/5.0 (Windows NT 10.0; Win64; x64; rv:147.0) Gecko/20100101 Firefox/147.0
[2026-02-02 23:00:50] POST /sci-bono-aifluency/api/auth/refresh - IP: ::1 - User-Agent: Mozilla/5.0 (Windows NT 10.0; Win64; x64; rv:147.0) Gecko/20100101 Firefox/147.0
[2026-02-02 23:01:50] POST /sci-bono-aifluency/api/auth/refresh - IP: ::1 - User-Agent: Mozilla/5.0 (Windows NT 10.0; Win64; x64; rv:147.0) Gecko/20100101 Firefox/147.0
[2026-02-02 23:02:50] POST /sci-bono-aifluency/api/auth/refresh - IP: ::1 - User-Agent: Mozilla/5.0 (Windows NT 10.0; Win64; x64; rv:147.0) Gecko/20100101 Firefox/147.0
[2026-02-02 23:03:50] POST /sci-bono-aifluency/api/auth/refresh - IP: ::1 - User-Agent: Mozilla/5.0 (Windows NT 10.0; Win64; x64; rv:147.0) Gecko/20100101 Firefox/147.0
[2026-02-02 23:14:32] POST /sci-bono-aifluency/api/auth/login - IP: ::1 - User-Agent: Mozilla/5.0 (Windows NT 10.0; Win64; x64; rv:147.0) Gecko/20100101 Firefox/147.0
[2026-02-02 23:14:32] GET /sci-bono-aifluency/api/users?page=1&limit=10 - IP: ::1 - User-Agent: Mozilla/5.0 (Windows NT 10.0; Win64; x64; rv:147.0) Gecko/20100101 Firefox/147.0
[2026-02-02 23:14:32] GET /sci-bono-aifluency/api/admin/stats - IP: ::1 - User-Agent: Mozilla/5.0 (Windows NT 10.0; Win64; x64; rv:147.0) Gecko/20100101 Firefox/147.0
[2026-02-02 23:14:32] GET /sci-bono-aifluency/api/admin/activity?limit=10 - IP: ::1 - User-Agent: Mozilla/5.0 (Windows NT 10.0; Win64; x64; rv:147.0) Gecko/20100101 Firefox/147.0
[2026-02-02 23:14:38] GET /sci-bono-aifluency/api/courses? - IP: ::1 - User-Agent: Mozilla/5.0 (Windows NT 10.0; Win64; x64; rv:147.0) Gecko/20100101 Firefox/147.0
[2026-02-02 23:14:44] GET /sci-bono-aifluency/api/courses?published=false - IP: ::1 - User-Agent: Mozilla/5.0 (Windows NT 10.0; Win64; x64; rv:147.0) Gecko/20100101 Firefox/147.0
[2026-02-02 23:14:44] GET /sci-bono-aifluency/api/modules?course_id=1 - IP: ::1 - User-Agent: Mozilla/5.0 (Windows NT 10.0; Win64; x64; rv:147.0) Gecko/20100101 Firefox/147.0
[2026-02-02 23:14:54] GET /sci-bono-aifluency/api/courses?published=false - IP: ::1 - User-Agent: Mozilla/5.0 (Windows NT 10.0; Win64; x64; rv:147.0) Gecko/20100101 Firefox/147.0
[2026-02-02 23:14:54] GET /sci-bono-aifluency/api/modules - IP: ::1 - User-Agent: Mozilla/5.0 (Windows NT 10.0; Win64; x64; rv:147.0) Gecko/20100101 Firefox/147.0
[2026-02-02 23:14:54] GET /sci-bono-aifluency/api/lessons?module_id=1 - IP: ::1 - User-Agent: Mozilla/5.0 (Windows NT 10.0; Win64; x64; rv:147.0) Gecko/20100101 Firefox/147.0
[2026-02-02 23:15:13] GET /sci-bono-aifluency/api/lessons/1 - IP: ::1 - User-Agent: Mozilla/5.0 (Windows NT 10.0; Win64; x64; rv:147.0) Gecko/20100101 Firefox/147.0
[2026-02-02 23:15:19] GET /sci-bono-aifluency/api/courses?published=false - IP: ::1 - User-Agent: Mozilla/5.0 (Windows NT 10.0; Win64; x64; rv:147.0) Gecko/20100101 Firefox/147.0
[2026-02-02 23:15:19] GET /sci-bono-aifluency/api/modules - IP: ::1 - User-Agent: Mozilla/5.0 (Windows NT 10.0; Win64; x64; rv:147.0) Gecko/20100101 Firefox/147.0
[2026-02-02 23:15:20] GET /sci-bono-aifluency/api/quizzes?module_id=1 - IP: ::1 - User-Agent: Mozilla/5.0 (Windows NT 10.0; Win64; x64; rv:147.0) Gecko/20100101 Firefox/147.0
[2026-02-02 23:15:44] GET /sci-bono-aifluency/api/courses?published=false - IP: ::1 - User-Agent: Mozilla/5.0 (Windows NT 10.0; Win64; x64; rv:147.0) Gecko/20100101 Firefox/147.0
[2026-02-02 23:15:44] GET /sci-bono-aifluency/api/modules - IP: ::1 - User-Agent: Mozilla/5.0 (Windows NT 10.0; Win64; x64; rv:147.0) Gecko/20100101 Firefox/147.0
[2026-02-02 23:15:44] GET /sci-bono-aifluency/api/lessons?module_id=1 - IP: ::1 - User-Agent: Mozilla/5.0 (Windows NT 10.0; Win64; x64; rv:147.0) Gecko/20100101 Firefox/147.0
[2026-02-02 23:15:51] GET /sci-bono-aifluency/api/courses?published=false - IP: ::1 - User-Agent: Mozilla/5.0 (Windows NT 10.0; Win64; x64; rv:147.0) Gecko/20100101 Firefox/147.0
[2026-02-02 23:15:51] GET /sci-bono-aifluency/api/modules?course_id=1 - IP: ::1 - User-Agent: Mozilla/5.0 (Windows NT 10.0; Win64; x64; rv:147.0) Gecko/20100101 Firefox/147.0
[2026-02-02 23:15:53] GET /sci-bono-aifluency/api/courses? - IP: ::1 - User-Agent: Mozilla/5.0 (Windows NT 10.0; Win64; x64; rv:147.0) Gecko/20100101 Firefox/147.0
[2026-02-02 23:16:00] GET /sci-bono-aifluency/api/users?page=1&limit=10 - IP: ::1 - User-Agent: Mozilla/5.0 (Windows NT 10.0; Win64; x64; rv:147.0) Gecko/20100101 Firefox/147.0
[2026-02-02 23:16:00] GET /sci-bono-aifluency/api/admin/stats - IP: ::1 - User-Agent: Mozilla/5.0 (Windows NT 10.0; Win64; x64; rv:147.0) Gecko/20100101 Firefox/147.0
[2026-02-02 23:16:00] GET /sci-bono-aifluency/api/admin/activity?limit=10 - IP: ::1 - User-Agent: Mozilla/5.0 (Windows NT 10.0; Win64; x64; rv:147.0) Gecko/20100101 Firefox/147.0
[2026-02-02 23:17:29] POST /sci-bono-aifluency/api/auth/login - IP: ::1 - User-Agent: Mozilla/5.0 (Windows NT 10.0; Win64; x64) AppleWebKit/537.36 (KHTML, like Gecko) Chrome/144.0.0.0 Safari/537.36
[2026-02-02 23:17:30] GET /sci-bono-aifluency/api/quizzes/attempts/recent?limit=5 - IP: ::1 - User-Agent: Mozilla/5.0 (Windows NT 10.0; Win64; x64) AppleWebKit/537.36 (KHTML, like Gecko) Chrome/144.0.0.0 Safari/537.36
[2026-02-02 23:17:30] GET /sci-bono-aifluency/api/courses/enrolled - IP: ::1 - User-Agent: Mozilla/5.0 (Windows NT 10.0; Win64; x64) AppleWebKit/537.36 (KHTML, like Gecko) Chrome/144.0.0.0 Safari/537.36
[2026-02-02 23:17:30] GET /sci-bono-aifluency/api/certificates/my-certificates - IP: ::1 - User-Agent: Mozilla/5.0 (Windows NT 10.0; Win64; x64) AppleWebKit/537.36 (KHTML, like Gecko) Chrome/144.0.0.0 Safari/537.36
[2026-02-02 23:17:30] GET /sci-bono-aifluency/api/users/me/stats - IP: ::1 - User-Agent: Mozilla/5.0 (Windows NT 10.0; Win64; x64) AppleWebKit/537.36 (KHTML, like Gecko) Chrome/144.0.0.0 Safari/537.36
[2026-02-02 23:19:15] GET /sci-bono-aifluency/api/courses/enrolled - IP: ::1 - User-Agent: Mozilla/5.0 (Windows NT 10.0; Win64; x64) AppleWebKit/537.36 (KHTML, like Gecko) Chrome/144.0.0.0 Safari/537.36
[2026-02-02 23:19:15] GET /sci-bono-aifluency/api/quizzes/attempts/recent?limit=5 - IP: ::1 - User-Agent: Mozilla/5.0 (Windows NT 10.0; Win64; x64) AppleWebKit/537.36 (KHTML, like Gecko) Chrome/144.0.0.0 Safari/537.36
[2026-02-02 23:19:15] GET /sci-bono-aifluency/api/certificates/my-certificates - IP: ::1 - User-Agent: Mozilla/5.0 (Windows NT 10.0; Win64; x64) AppleWebKit/537.36 (KHTML, like Gecko) Chrome/144.0.0.0 Safari/537.36
[2026-02-02 23:19:15] GET /sci-bono-aifluency/api/users/me/stats - IP: ::1 - User-Agent: Mozilla/5.0 (Windows NT 10.0; Win64; x64) AppleWebKit/537.36 (KHTML, like Gecko) Chrome/144.0.0.0 Safari/537.36
[2026-02-02 23:19:28] POST /sci-bono-aifluency/api/auth/logout - IP: ::1 - User-Agent: Mozilla/5.0 (Windows NT 10.0; Win64; x64) AppleWebKit/537.36 (KHTML, like Gecko) Chrome/144.0.0.0 Safari/537.36
[2026-02-02 23:19:44] POST /sci-bono-aifluency/api/auth/logout - IP: ::1 - User-Agent: Mozilla/5.0 (Windows NT 10.0; Win64; x64; rv:147.0) Gecko/20100101 Firefox/147.0
[2026-02-02 23:20:04] POST /sci-bono-aifluency/api/auth/login - IP: ::1 - User-Agent: Mozilla/5.0 (Windows NT 10.0; Win64; x64; rv:147.0) Gecko/20100101 Firefox/147.0
[2026-02-02 23:20:12] POST /sci-bono-aifluency/api/auth/login - IP: ::1 - User-Agent: Mozilla/5.0 (Windows NT 10.0; Win64; x64; rv:147.0) Gecko/20100101 Firefox/147.0
[2026-02-02 23:20:13] GET /sci-bono-aifluency/api/courses/enrolled - IP: ::1 - User-Agent: Mozilla/5.0 (Windows NT 10.0; Win64; x64; rv:147.0) Gecko/20100101 Firefox/147.0
[2026-02-02 23:20:13] GET /sci-bono-aifluency/api/quizzes/attempts/recent?limit=5 - IP: ::1 - User-Agent: Mozilla/5.0 (Windows NT 10.0; Win64; x64; rv:147.0) Gecko/20100101 Firefox/147.0
[2026-02-02 23:20:13] GET /sci-bono-aifluency/api/certificates/my-certificates - IP: ::1 - User-Agent: Mozilla/5.0 (Windows NT 10.0; Win64; x64; rv:147.0) Gecko/20100101 Firefox/147.0
[2026-02-02 23:20:13] GET /sci-bono-aifluency/api/users/me/stats - IP: ::1 - User-Agent: Mozilla/5.0 (Windows NT 10.0; Win64; x64; rv:147.0) Gecko/20100101 Firefox/147.0
[2026-02-02 23:35:28] GET /sci-bono-aifluency/api/courses/enrolled - IP: ::1 - User-Agent: Mozilla/5.0 (Windows NT 10.0; Win64; x64; rv:147.0) Gecko/20100101 Firefox/147.0
[2026-02-02 23:35:28] GET /sci-bono-aifluency/api/certificates/my-certificates - IP: ::1 - User-Agent: Mozilla/5.0 (Windows NT 10.0; Win64; x64; rv:147.0) Gecko/20100101 Firefox/147.0
[2026-02-02 23:35:28] GET /sci-bono-aifluency/api/quizzes/attempts/recent?limit=5 - IP: ::1 - User-Agent: Mozilla/5.0 (Windows NT 10.0; Win64; x64; rv:147.0) Gecko/20100101 Firefox/147.0
[2026-02-02 23:35:28] GET /sci-bono-aifluency/api/users/me/stats - IP: ::1 - User-Agent: Mozilla/5.0 (Windows NT 10.0; Win64; x64; rv:147.0) Gecko/20100101 Firefox/147.0
[2026-02-02 23:36:08] POST /sci-bono-aifluency/api/auth/login - IP: ::1 - User-Agent: Mozilla/5.0 (Windows NT 10.0; Win64; x64; rv:147.0) Gecko/20100101 Firefox/147.0
[2026-02-02 23:36:09] GET /sci-bono-aifluency/api/courses/enrolled - IP: ::1 - User-Agent: Mozilla/5.0 (Windows NT 10.0; Win64; x64; rv:147.0) Gecko/20100101 Firefox/147.0
[2026-02-02 23:36:09] GET /sci-bono-aifluency/api/quizzes/attempts/recent?limit=5 - IP: ::1 - User-Agent: Mozilla/5.0 (Windows NT 10.0; Win64; x64; rv:147.0) Gecko/20100101 Firefox/147.0
[2026-02-02 23:36:09] GET /sci-bono-aifluency/api/certificates/my-certificates - IP: ::1 - User-Agent: Mozilla/5.0 (Windows NT 10.0; Win64; x64; rv:147.0) Gecko/20100101 Firefox/147.0
[2026-02-02 23:36:09] GET /sci-bono-aifluency/api/users/me/stats - IP: ::1 - User-Agent: Mozilla/5.0 (Windows NT 10.0; Win64; x64; rv:147.0) Gecko/20100101 Firefox/147.0
[2026-02-03 10:28:41] POST /sci-bono-aifluency/api/auth/login - IP: ::1 - User-Agent: Mozilla/5.0 (Windows NT 10.0; Win64; x64; rv:147.0) Gecko/20100101 Firefox/147.0
[2026-02-03 10:28:45] POST /sci-bono-aifluency/api/auth/login - IP: ::1 - User-Agent: Mozilla/5.0 (Windows NT 10.0; Win64; x64; rv:147.0) Gecko/20100101 Firefox/147.0
[2026-02-03 10:28:55] POST /sci-bono-aifluency/api/auth/login - IP: ::1 - User-Agent: Mozilla/5.0 (Windows NT 10.0; Win64; x64; rv:147.0) Gecko/20100101 Firefox/147.0
[2026-02-03 10:29:03] POST /sci-bono-aifluency/api/auth/login - IP: ::1 - User-Agent: Mozilla/5.0 (Windows NT 10.0; Win64; x64; rv:147.0) Gecko/20100101 Firefox/147.0
[2026-02-03 10:29:04] GET /sci-bono-aifluency/api/admin/stats - IP: ::1 - User-Agent: Mozilla/5.0 (Windows NT 10.0; Win64; x64; rv:147.0) Gecko/20100101 Firefox/147.0
[2026-02-03 10:29:04] GET /sci-bono-aifluency/api/admin/activity?limit=10 - IP: ::1 - User-Agent: Mozilla/5.0 (Windows NT 10.0; Win64; x64; rv:147.0) Gecko/20100101 Firefox/147.0
[2026-02-03 10:29:04] GET /sci-bono-aifluency/api/users?page=1&limit=10 - IP: ::1 - User-Agent: Mozilla/5.0 (Windows NT 10.0; Win64; x64; rv:147.0) Gecko/20100101 Firefox/147.0
[2026-02-03 10:29:44] GET /sci-bono-aifluency/api/admin/activity?limit=10 - IP: ::1 - User-Agent: Mozilla/5.0 (Windows NT 10.0; Win64; x64; rv:147.0) Gecko/20100101 Firefox/147.0
[2026-02-03 10:29:44] GET /sci-bono-aifluency/api/admin/stats - IP: ::1 - User-Agent: Mozilla/5.0 (Windows NT 10.0; Win64; x64; rv:147.0) Gecko/20100101 Firefox/147.0
[2026-02-03 10:29:44] GET /sci-bono-aifluency/api/users?page=1&limit=10 - IP: ::1 - User-Agent: Mozilla/5.0 (Windows NT 10.0; Win64; x64; rv:147.0) Gecko/20100101 Firefox/147.0
[2026-02-03 10:29:59] GET /sci-bono-aifluency/api/admin/activity?limit=10 - IP: ::1 - User-Agent: Mozilla/5.0 (Windows NT 10.0; Win64; x64; rv:147.0) Gecko/20100101 Firefox/147.0
[2026-02-03 10:29:59] GET /sci-bono-aifluency/api/admin/stats - IP: ::1 - User-Agent: Mozilla/5.0 (Windows NT 10.0; Win64; x64; rv:147.0) Gecko/20100101 Firefox/147.0
[2026-02-03 10:29:59] GET /sci-bono-aifluency/api/users?page=1&limit=10 - IP: ::1 - User-Agent: Mozilla/5.0 (Windows NT 10.0; Win64; x64; rv:147.0) Gecko/20100101 Firefox/147.0
[2026-02-03 10:30:08] GET /sci-bono-aifluency/api/courses? - IP: ::1 - User-Agent: Mozilla/5.0 (Windows NT 10.0; Win64; x64; rv:147.0) Gecko/20100101 Firefox/147.0
[2026-02-03 10:30:13] GET /sci-bono-aifluency/api/courses/1 - IP: ::1 - User-Agent: Mozilla/5.0 (Windows NT 10.0; Win64; x64; rv:147.0) Gecko/20100101 Firefox/147.0
[2026-02-03 10:30:26] GET /sci-bono-aifluency/api/courses?published=false - IP: ::1 - User-Agent: Mozilla/5.0 (Windows NT 10.0; Win64; x64; rv:147.0) Gecko/20100101 Firefox/147.0
[2026-02-03 10:30:26] GET /sci-bono-aifluency/api/modules?course_id=1 - IP: ::1 - User-Agent: Mozilla/5.0 (Windows NT 10.0; Win64; x64; rv:147.0) Gecko/20100101 Firefox/147.0
[2026-02-03 10:30:54] GET /sci-bono-aifluency/api/courses? - IP: ::1 - User-Agent: Mozilla/5.0 (Windows NT 10.0; Win64; x64; rv:147.0) Gecko/20100101 Firefox/147.0
[2026-02-03 10:33:01] GET /sci-bono-aifluency/api/users?page=1&limit=10 - IP: ::1 - User-Agent: Mozilla/5.0 (Windows NT 10.0; Win64; x64; rv:147.0) Gecko/20100101 Firefox/147.0
[2026-02-03 10:33:01] GET /sci-bono-aifluency/api/admin/stats - IP: ::1 - User-Agent: Mozilla/5.0 (Windows NT 10.0; Win64; x64; rv:147.0) Gecko/20100101 Firefox/147.0
[2026-02-03 10:33:01] GET /sci-bono-aifluency/api/admin/activity?limit=10 - IP: ::1 - User-Agent: Mozilla/5.0 (Windows NT 10.0; Win64; x64; rv:147.0) Gecko/20100101 Firefox/147.0
[2026-02-03 10:33:19] GET /sci-bono-aifluency/api/courses? - IP: ::1 - User-Agent: Mozilla/5.0 (Windows NT 10.0; Win64; x64; rv:147.0) Gecko/20100101 Firefox/147.0
[2026-02-03 10:33:29] GET /sci-bono-aifluency/api/users?page=1&limit=10 - IP: ::1 - User-Agent: Mozilla/5.0 (Windows NT 10.0; Win64; x64; rv:147.0) Gecko/20100101 Firefox/147.0
[2026-02-03 10:33:29] GET /sci-bono-aifluency/api/admin/stats - IP: ::1 - User-Agent: Mozilla/5.0 (Windows NT 10.0; Win64; x64; rv:147.0) Gecko/20100101 Firefox/147.0
[2026-02-03 10:33:29] GET /sci-bono-aifluency/api/admin/activity?limit=10 - IP: ::1 - User-Agent: Mozilla/5.0 (Windows NT 10.0; Win64; x64; rv:147.0) Gecko/20100101 Firefox/147.0
[2026-02-03 10:33:32] GET /sci-bono-aifluency/api/courses? - IP: ::1 - User-Agent: Mozilla/5.0 (Windows NT 10.0; Win64; x64; rv:147.0) Gecko/20100101 Firefox/147.0
[2026-02-03 10:33:34] GET /sci-bono-aifluency/api/users?page=1&limit=10 - IP: ::1 - User-Agent: Mozilla/5.0 (Windows NT 10.0; Win64; x64; rv:147.0) Gecko/20100101 Firefox/147.0
[2026-02-03 10:33:34] GET /sci-bono-aifluency/api/admin/activity?limit=10 - IP: ::1 - User-Agent: Mozilla/5.0 (Windows NT 10.0; Win64; x64; rv:147.0) Gecko/20100101 Firefox/147.0
[2026-02-03 10:33:34] GET /sci-bono-aifluency/api/admin/stats - IP: ::1 - User-Agent: Mozilla/5.0 (Windows NT 10.0; Win64; x64; rv:147.0) Gecko/20100101 Firefox/147.0
[2026-02-03 10:33:39] GET /sci-bono-aifluency/api/courses? - IP: ::1 - User-Agent: Mozilla/5.0 (Windows NT 10.0; Win64; x64; rv:147.0) Gecko/20100101 Firefox/147.0
[2026-02-03 10:33:41] GET /sci-bono-aifluency/api/courses?published=false - IP: ::1 - User-Agent: Mozilla/5.0 (Windows NT 10.0; Win64; x64; rv:147.0) Gecko/20100101 Firefox/147.0
[2026-02-03 10:33:41] GET /sci-bono-aifluency/api/modules?course_id=1 - IP: ::1 - User-Agent: Mozilla/5.0 (Windows NT 10.0; Win64; x64; rv:147.0) Gecko/20100101 Firefox/147.0
[2026-02-03 10:34:03] GET /sci-bono-aifluency/api/courses?published=false - IP: ::1 - User-Agent: Mozilla/5.0 (Windows NT 10.0; Win64; x64; rv:147.0) Gecko/20100101 Firefox/147.0
[2026-02-03 10:34:03] GET /sci-bono-aifluency/api/modules - IP: ::1 - User-Agent: Mozilla/5.0 (Windows NT 10.0; Win64; x64; rv:147.0) Gecko/20100101 Firefox/147.0
[2026-02-03 10:34:03] GET /sci-bono-aifluency/api/lessons?module_id=1 - IP: ::1 - User-Agent: Mozilla/5.0 (Windows NT 10.0; Win64; x64; rv:147.0) Gecko/20100101 Firefox/147.0
[2026-02-03 10:34:46] GET /sci-bono-aifluency/api/lessons/1 - IP: ::1 - User-Agent: Mozilla/5.0 (Windows NT 10.0; Win64; x64; rv:147.0) Gecko/20100101 Firefox/147.0
[2026-02-03 10:35:06] GET /sci-bono-aifluency/api/admin/stats - IP: ::1 - User-Agent: Mozilla/5.0 (Windows NT 10.0; Win64; x64; rv:147.0) Gecko/20100101 Firefox/147.0
[2026-02-03 10:35:06] GET /sci-bono-aifluency/api/admin/activity?limit=10 - IP: ::1 - User-Agent: Mozilla/5.0 (Windows NT 10.0; Win64; x64; rv:147.0) Gecko/20100101 Firefox/147.0
[2026-02-03 10:35:06] GET /sci-bono-aifluency/api/users?page=1&limit=10 - IP: ::1 - User-Agent: Mozilla/5.0 (Windows NT 10.0; Win64; x64; rv:147.0) Gecko/20100101 Firefox/147.0
[2026-02-03 10:56:50] POST /sci-bono-aifluency/api/auth/logout - IP: ::1 - User-Agent: Mozilla/5.0 (Windows NT 10.0; Win64; x64; rv:147.0) Gecko/20100101 Firefox/147.0
[2026-02-03 11:02:30] POST /sci-bono-aifluency/api/auth/login - IP: ::1 - User-Agent: Mozilla/5.0 (Windows NT 10.0; Win64; x64; rv:147.0) Gecko/20100101 Firefox/147.0
[2026-02-03 11:02:31] GET /sci-bono-aifluency/api/courses/enrolled - IP: ::1 - User-Agent: Mozilla/5.0 (Windows NT 10.0; Win64; x64; rv:147.0) Gecko/20100101 Firefox/147.0
[2026-02-03 11:02:31] GET /sci-bono-aifluency/api/quizzes/attempts/recent?limit=5 - IP: ::1 - User-Agent: Mozilla/5.0 (Windows NT 10.0; Win64; x64; rv:147.0) Gecko/20100101 Firefox/147.0
[2026-02-03 11:02:31] GET /sci-bono-aifluency/api/certificates/my-certificates - IP: ::1 - User-Agent: Mozilla/5.0 (Windows NT 10.0; Win64; x64; rv:147.0) Gecko/20100101 Firefox/147.0
[2026-02-03 11:02:31] GET /sci-bono-aifluency/api/users/me/stats - IP: ::1 - User-Agent: Mozilla/5.0 (Windows NT 10.0; Win64; x64; rv:147.0) Gecko/20100101 Firefox/147.0
[2026-02-03 11:07:45] POST /sci-bono-aifluency/api/auth/logout - IP: ::1 - User-Agent: Mozilla/5.0 (Windows NT 10.0; Win64; x64; rv:147.0) Gecko/20100101 Firefox/147.0
[2026-02-03 11:07:59] POST /sci-bono-aifluency/api/auth/login - IP: ::1 - User-Agent: Mozilla/5.0 (Windows NT 10.0; Win64; x64; rv:147.0) Gecko/20100101 Firefox/147.0
[2026-02-03 11:08:00] GET /sci-bono-aifluency/api/admin/stats - IP: ::1 - User-Agent: Mozilla/5.0 (Windows NT 10.0; Win64; x64; rv:147.0) Gecko/20100101 Firefox/147.0
[2026-02-03 11:08:00] GET /sci-bono-aifluency/api/admin/activity?limit=10 - IP: ::1 - User-Agent: Mozilla/5.0 (Windows NT 10.0; Win64; x64; rv:147.0) Gecko/20100101 Firefox/147.0
[2026-02-03 11:08:00] GET /sci-bono-aifluency/api/users?page=1&limit=10 - IP: ::1 - User-Agent: Mozilla/5.0 (Windows NT 10.0; Win64; x64; rv:147.0) Gecko/20100101 Firefox/147.0
[2026-02-03 11:08:04] GET /sci-bono-aifluency/api/courses? - IP: ::1 - User-Agent: Mozilla/5.0 (Windows NT 10.0; Win64; x64; rv:147.0) Gecko/20100101 Firefox/147.0
[2026-02-03 12:03:51] POST /sci-bono-aifluency/api/auth/refresh - IP: ::1 - User-Agent: Mozilla/5.0 (Windows NT 10.0; Win64; x64; rv:147.0) Gecko/20100101 Firefox/147.0
[2026-02-03 12:03:52] POST /sci-bono-aifluency/api/auth/refresh - IP: ::1 - User-Agent: Mozilla/5.0 (Windows NT 10.0; Win64; x64; rv:147.0) Gecko/20100101 Firefox/147.0
[2026-02-03 12:04:51] POST /sci-bono-aifluency/api/auth/refresh - IP: ::1 - User-Agent: Mozilla/5.0 (Windows NT 10.0; Win64; x64; rv:147.0) Gecko/20100101 Firefox/147.0
[2026-02-03 12:04:52] POST /sci-bono-aifluency/api/auth/refresh - IP: ::1 - User-Agent: Mozilla/5.0 (Windows NT 10.0; Win64; x64; rv:147.0) Gecko/20100101 Firefox/147.0
[2026-02-03 12:05:52] POST /sci-bono-aifluency/api/auth/refresh - IP: ::1 - User-Agent: Mozilla/5.0 (Windows NT 10.0; Win64; x64; rv:147.0) Gecko/20100101 Firefox/147.0
[2026-02-03 12:05:53] POST /sci-bono-aifluency/api/auth/refresh - IP: ::1 - User-Agent: Mozilla/5.0 (Windows NT 10.0; Win64; x64; rv:147.0) Gecko/20100101 Firefox/147.0
[2026-02-03 12:06:52] POST /sci-bono-aifluency/api/auth/refresh - IP: ::1 - User-Agent: Mozilla/5.0 (Windows NT 10.0; Win64; x64; rv:147.0) Gecko/20100101 Firefox/147.0
[2026-02-03 12:06:53] POST /sci-bono-aifluency/api/auth/refresh - IP: ::1 - User-Agent: Mozilla/5.0 (Windows NT 10.0; Win64; x64; rv:147.0) Gecko/20100101 Firefox/147.0
[2026-02-03 12:07:53] POST /sci-bono-aifluency/api/auth/refresh - IP: ::1 - User-Agent: Mozilla/5.0 (Windows NT 10.0; Win64; x64; rv:147.0) Gecko/20100101 Firefox/147.0
[2026-02-03 12:07:54] POST /sci-bono-aifluency/api/auth/refresh - IP: ::1 - User-Agent: Mozilla/5.0 (Windows NT 10.0; Win64; x64; rv:147.0) Gecko/20100101 Firefox/147.0
[2026-02-03 12:23:49] HEAD /api/users/login - IP: 127.0.0.1 - User-Agent: curl/7.81.0
[2026-02-03 12:23:59] HEAD /api/ - IP: 127.0.0.1 - User-Agent: curl/7.81.0
[2026-02-03 14:17:16] POST /api/users/login - IP: 127.0.0.1 - User-Agent: curl/7.81.0
[2026-02-03 14:18:01] POST /api/auth/login - IP: 127.0.0.1 - User-Agent: curl/7.81.0
[2026-02-03 14:19:25] POST /api/auth/login - IP: 127.0.0.1 - User-Agent: Mozilla/5.0 (X11; Linux x86_64; rv:147.0) Gecko/20100101 Firefox/147.0
[2026-02-03 14:19:26] GET /api/certificates/my-certificates - IP: 127.0.0.1 - User-Agent: Mozilla/5.0 (X11; Linux x86_64; rv:147.0) Gecko/20100101 Firefox/147.0
[2026-02-03 14:19:26] GET /api/courses/enrolled - IP: 127.0.0.1 - User-Agent: Mozilla/5.0 (X11; Linux x86_64; rv:147.0) Gecko/20100101 Firefox/147.0
[2026-02-03 14:19:27] GET /api/quizzes/attempts/recent?limit=5 - IP: 127.0.0.1 - User-Agent: Mozilla/5.0 (X11; Linux x86_64; rv:147.0) Gecko/20100101 Firefox/147.0
[2026-02-03 14:19:27] GET /api/users/me/stats - IP: 127.0.0.1 - User-Agent: Mozilla/5.0 (X11; Linux x86_64; rv:147.0) Gecko/20100101 Firefox/147.0
[2026-02-03 14:19:35] POST /api/auth/logout - IP: 127.0.0.1 - User-Agent: Mozilla/5.0 (X11; Linux x86_64; rv:147.0) Gecko/20100101 Firefox/147.0
[2026-02-03 14:21:37] POST /api/auth/login - IP: 127.0.0.1 - User-Agent: Mozilla/5.0 (X11; Linux x86_64; rv:147.0) Gecko/20100101 Firefox/147.0
[2026-02-03 14:21:44] POST /api/auth/login - IP: 127.0.0.1 - User-Agent: Mozilla/5.0 (X11; Linux x86_64; rv:147.0) Gecko/20100101 Firefox/147.0
[2026-02-03 14:22:21] POST /api/auth/login - IP: 127.0.0.1 - User-Agent: Mozilla/5.0 (X11; Linux x86_64; rv:147.0) Gecko/20100101 Firefox/147.0
[2026-02-03 14:22:22] GET /api/courses/enrolled - IP: 127.0.0.1 - User-Agent: Mozilla/5.0 (X11; Linux x86_64; rv:147.0) Gecko/20100101 Firefox/147.0
[2026-02-03 14:22:22] GET /api/certificates/my-certificates - IP: 127.0.0.1 - User-Agent: Mozilla/5.0 (X11; Linux x86_64; rv:147.0) Gecko/20100101 Firefox/147.0
[2026-02-03 14:22:22] GET /api/quizzes/attempts/recent?limit=5 - IP: 127.0.0.1 - User-Agent: Mozilla/5.0 (X11; Linux x86_64; rv:147.0) Gecko/20100101 Firefox/147.0
[2026-02-03 14:22:22] GET /api/users/me/stats - IP: 127.0.0.1 - User-Agent: Mozilla/5.0 (X11; Linux x86_64; rv:147.0) Gecko/20100101 Firefox/147.0
[2026-02-03 14:22:28] GET /api/courses/enrolled - IP: 127.0.0.1 - User-Agent: Mozilla/5.0 (X11; Linux x86_64; rv:147.0) Gecko/20100101 Firefox/147.0
[2026-02-03 14:22:28] GET /api/quizzes/attempts/recent?limit=5 - IP: 127.0.0.1 - User-Agent: Mozilla/5.0 (X11; Linux x86_64; rv:147.0) Gecko/20100101 Firefox/147.0
[2026-02-03 14:22:28] GET /api/users/me/stats - IP: 127.0.0.1 - User-Agent: Mozilla/5.0 (X11; Linux x86_64; rv:147.0) Gecko/20100101 Firefox/147.0
[2026-02-03 14:22:28] GET /api/certificates/my-certificates - IP: 127.0.0.1 - User-Agent: Mozilla/5.0 (X11; Linux x86_64; rv:147.0) Gecko/20100101 Firefox/147.0
[2026-02-03 14:23:18] GET /api/users?page=1&limit=10 - IP: 127.0.0.1 - User-Agent: Mozilla/5.0 (X11; Linux x86_64; rv:147.0) Gecko/20100101 Firefox/147.0
[2026-02-03 14:23:18] GET /api/admin/stats - IP: 127.0.0.1 - User-Agent: Mozilla/5.0 (X11; Linux x86_64; rv:147.0) Gecko/20100101 Firefox/147.0
[2026-02-03 14:23:18] GET /api/admin/activity?limit=10 - IP: 127.0.0.1 - User-Agent: Mozilla/5.0 (X11; Linux x86_64; rv:147.0) Gecko/20100101 Firefox/147.0
[2026-02-03 14:23:28] GET /api/users?page=1&limit=10 - IP: 127.0.0.1 - User-Agent: Mozilla/5.0 (X11; Linux x86_64; rv:147.0) Gecko/20100101 Firefox/147.0
[2026-02-03 14:23:28] GET /api/admin/stats - IP: 127.0.0.1 - User-Agent: Mozilla/5.0 (X11; Linux x86_64; rv:147.0) Gecko/20100101 Firefox/147.0
[2026-02-03 14:23:28] GET /api/admin/activity?limit=10 - IP: 127.0.0.1 - User-Agent: Mozilla/5.0 (X11; Linux x86_64; rv:147.0) Gecko/20100101 Firefox/147.0
[2026-02-03 14:23:29] GET /api/users?page=1&limit=10 - IP: 127.0.0.1 - User-Agent: Mozilla/5.0 (X11; Linux x86_64; rv:147.0) Gecko/20100101 Firefox/147.0
[2026-02-03 14:23:29] GET /api/admin/stats - IP: 127.0.0.1 - User-Agent: Mozilla/5.0 (X11; Linux x86_64; rv:147.0) Gecko/20100101 Firefox/147.0
[2026-02-03 14:23:29] GET /api/admin/activity?limit=10 - IP: 127.0.0.1 - User-Agent: Mozilla/5.0 (X11; Linux x86_64; rv:147.0) Gecko/20100101 Firefox/147.0
[2026-02-03 14:24:06] GET /api/courses? - IP: 127.0.0.1 - User-Agent: Mozilla/5.0 (X11; Linux x86_64; rv:147.0) Gecko/20100101 Firefox/147.0
[2026-02-03 14:24:08] GET /api/courses/1 - IP: 127.0.0.1 - User-Agent: Mozilla/5.0 (X11; Linux x86_64; rv:147.0) Gecko/20100101 Firefox/147.0
[2026-02-03 14:24:18] GET /api/courses?published=false - IP: 127.0.0.1 - User-Agent: Mozilla/5.0 (X11; Linux x86_64; rv:147.0) Gecko/20100101 Firefox/147.0
[2026-02-03 14:24:18] GET /api/modules?course_id=1 - IP: 127.0.0.1 - User-Agent: Mozilla/5.0 (X11; Linux x86_64; rv:147.0) Gecko/20100101 Firefox/147.0
[2026-02-03 14:24:21] GET /api/courses?published=false - IP: 127.0.0.1 - User-Agent: Mozilla/5.0 (X11; Linux x86_64; rv:147.0) Gecko/20100101 Firefox/147.0
[2026-02-03 14:24:21] GET /api/modules - IP: 127.0.0.1 - User-Agent: Mozilla/5.0 (X11; Linux x86_64; rv:147.0) Gecko/20100101 Firefox/147.0
[2026-02-03 14:24:21] GET /api/lessons?module_id=1 - IP: 127.0.0.1 - User-Agent: Mozilla/5.0 (X11; Linux x86_64; rv:147.0) Gecko/20100101 Firefox/147.0
[2026-02-03 14:24:24] GET /api/courses?published=false - IP: 127.0.0.1 - User-Agent: Mozilla/5.0 (X11; Linux x86_64; rv:147.0) Gecko/20100101 Firefox/147.0
[2026-02-03 14:24:24] GET /api/modules - IP: 127.0.0.1 - User-Agent: Mozilla/5.0 (X11; Linux x86_64; rv:147.0) Gecko/20100101 Firefox/147.0
[2026-02-03 14:24:24] GET /api/quizzes?module_id=1 - IP: 127.0.0.1 - User-Agent: Mozilla/5.0 (X11; Linux x86_64; rv:147.0) Gecko/20100101 Firefox/147.0
[2026-02-03 14:24:33] GET /api/users?page=1&limit=10 - IP: 127.0.0.1 - User-Agent: Mozilla/5.0 (X11; Linux x86_64; rv:147.0) Gecko/20100101 Firefox/147.0
[2026-02-03 14:24:33] GET /api/admin/activity?limit=10 - IP: 127.0.0.1 - User-Agent: Mozilla/5.0 (X11; Linux x86_64; rv:147.0) Gecko/20100101 Firefox/147.0
[2026-02-03 14:24:33] GET /api/admin/stats - IP: 127.0.0.1 - User-Agent: Mozilla/5.0 (X11; Linux x86_64; rv:147.0) Gecko/20100101 Firefox/147.0
[2026-02-03 14:29:28] GET /api/admin/stats - IP: 127.0.0.1 - User-Agent: Mozilla/5.0 (X11; Linux x86_64; rv:147.0) Gecko/20100101 Firefox/147.0
[2026-02-03 14:29:28] GET /api/admin/activity?limit=10 - IP: 127.0.0.1 - User-Agent: Mozilla/5.0 (X11; Linux x86_64; rv:147.0) Gecko/20100101 Firefox/147.0
[2026-02-03 14:29:28] GET /api/users?page=1&limit=10 - IP: 127.0.0.1 - User-Agent: Mozilla/5.0 (X11; Linux x86_64; rv:147.0) Gecko/20100101 Firefox/147.0
[2026-02-03 14:29:30] POST /api/auth/logout - IP: 127.0.0.1 - User-Agent: Mozilla/5.0 (X11; Linux x86_64; rv:147.0) Gecko/20100101 Firefox/147.0
[2026-02-03 14:29:55] POST /api/auth/login - IP: 127.0.0.1 - User-Agent: Mozilla/5.0 (X11; Linux x86_64; rv:147.0) Gecko/20100101 Firefox/147.0
[2026-02-03 14:29:55] GET /api/users?page=1&limit=10 - IP: 127.0.0.1 - User-Agent: Mozilla/5.0 (X11; Linux x86_64; rv:147.0) Gecko/20100101 Firefox/147.0
[2026-02-03 14:29:55] GET /api/admin/stats - IP: 127.0.0.1 - User-Agent: Mozilla/5.0 (X11; Linux x86_64; rv:147.0) Gecko/20100101 Firefox/147.0
[2026-02-03 14:29:55] GET /api/admin/activity?limit=10 - IP: 127.0.0.1 - User-Agent: Mozilla/5.0 (X11; Linux x86_64; rv:147.0) Gecko/20100101 Firefox/147.0
[2026-02-03 14:30:22] POST /api/auth/logout - IP: 127.0.0.1 - User-Agent: Mozilla/5.0 (X11; Linux x86_64; rv:147.0) Gecko/20100101 Firefox/147.0
[2026-02-03 14:30:42] POST /api/auth/login - IP: 127.0.0.1 - User-Agent: Mozilla/5.0 (X11; Linux x86_64; rv:147.0) Gecko/20100101 Firefox/147.0
[2026-02-03 14:30:53] POST /api/auth/login - IP: 127.0.0.1 - User-Agent: Mozilla/5.0 (X11; Linux x86_64; rv:147.0) Gecko/20100101 Firefox/147.0
[2026-02-03 14:31:04] GET /api/users/me/stats - IP: 127.0.0.1 - User-Agent: Mozilla/5.0 (X11; Linux x86_64; rv:147.0) Gecko/20100101 Firefox/147.0
[2026-02-03 14:31:04] GET /api/quizzes/attempts/recent?limit=5 - IP: 127.0.0.1 - User-Agent: Mozilla/5.0 (X11; Linux x86_64; rv:147.0) Gecko/20100101 Firefox/147.0
[2026-02-03 14:31:04] GET /api/certificates/my-certificates - IP: 127.0.0.1 - User-Agent: Mozilla/5.0 (X11; Linux x86_64; rv:147.0) Gecko/20100101 Firefox/147.0
[2026-02-03 14:31:04] GET /api/courses/enrolled - IP: 127.0.0.1 - User-Agent: Mozilla/5.0 (X11; Linux x86_64; rv:147.0) Gecko/20100101 Firefox/147.0
[2026-02-03 15:15:03] POST /api/auth/logout - IP: 127.0.0.1 - User-Agent: Mozilla/5.0 (X11; Linux x86_64; rv:147.0) Gecko/20100101 Firefox/147.0
[2026-02-03 15:15:20] POST /api/auth/login - IP: 127.0.0.1 - User-Agent: Mozilla/5.0 (X11; Linux x86_64; rv:147.0) Gecko/20100101 Firefox/147.0
[2026-02-03 15:15:21] GET /api/certificates/my-certificates - IP: 127.0.0.1 - User-Agent: Mozilla/5.0 (X11; Linux x86_64; rv:147.0) Gecko/20100101 Firefox/147.0
[2026-02-03 15:15:21] GET /api/courses/enrolled - IP: 127.0.0.1 - User-Agent: Mozilla/5.0 (X11; Linux x86_64; rv:147.0) Gecko/20100101 Firefox/147.0
[2026-02-03 15:15:21] GET /api/users/me/stats - IP: 127.0.0.1 - User-Agent: Mozilla/5.0 (X11; Linux x86_64; rv:147.0) Gecko/20100101 Firefox/147.0
[2026-02-03 15:15:21] GET /api/quizzes/attempts/recent?limit=5 - IP: 127.0.0.1 - User-Agent: Mozilla/5.0 (X11; Linux x86_64; rv:147.0) Gecko/20100101 Firefox/147.0
[2026-02-03 15:47:46] GET /api/courses/enrolled - IP: 127.0.0.1 - User-Agent: curl/7.81.0
[2026-02-03 15:47:52] GET /api/quizzes/attempts/recent - IP: 127.0.0.1 - User-Agent: curl/7.81.0
[2026-02-03 15:49:12] GET /api/courses/enrolled - IP: 127.0.0.1 - User-Agent: curl/7.81.0
[2026-02-03 15:49:17] GET /api/certificates/my-certificates - IP: 127.0.0.1 - User-Agent: curl/7.81.0
[2026-02-03 15:49:18] GET /api/users/me/stats - IP: 127.0.0.1 - User-Agent: curl/7.81.0
[2026-02-03 15:53:52] GET /api/certificates/my-certificates - IP: 127.0.0.1 - User-Agent: Mozilla/5.0 (X11; Linux x86_64; rv:147.0) Gecko/20100101 Firefox/147.0
[2026-02-03 15:53:52] GET /api/courses/enrolled - IP: 127.0.0.1 - User-Agent: Mozilla/5.0 (X11; Linux x86_64; rv:147.0) Gecko/20100101 Firefox/147.0
[2026-02-03 15:53:52] GET /api/quizzes/attempts/recent?limit=5 - IP: 127.0.0.1 - User-Agent: Mozilla/5.0 (X11; Linux x86_64; rv:147.0) Gecko/20100101 Firefox/147.0
[2026-02-03 15:53:52] GET /api/users/me/stats - IP: 127.0.0.1 - User-Agent: Mozilla/5.0 (X11; Linux x86_64; rv:147.0) Gecko/20100101 Firefox/147.0
[2026-02-03 15:53:54] GET /api/courses/enrolled - IP: 127.0.0.1 - User-Agent: Mozilla/5.0 (X11; Linux x86_64; rv:147.0) Gecko/20100101 Firefox/147.0
[2026-02-03 15:53:54] GET /api/quizzes/attempts/recent?limit=5 - IP: 127.0.0.1 - User-Agent: Mozilla/5.0 (X11; Linux x86_64; rv:147.0) Gecko/20100101 Firefox/147.0
[2026-02-03 15:53:54] GET /api/users/me/stats - IP: 127.0.0.1 - User-Agent: Mozilla/5.0 (X11; Linux x86_64; rv:147.0) Gecko/20100101 Firefox/147.0
[2026-02-03 15:53:54] GET /api/certificates/my-certificates - IP: 127.0.0.1 - User-Agent: Mozilla/5.0 (X11; Linux x86_64; rv:147.0) Gecko/20100101 Firefox/147.0
[2026-02-03 15:57:00] GET /api/courses/enrolled - IP: 127.0.0.1 - User-Agent: curl/7.81.0
[2026-02-03 16:01:28] GET /api/quizzes/attempts/recent?limit=5 - IP: 127.0.0.1 - User-Agent: Mozilla/5.0 (X11; Linux x86_64; rv:147.0) Gecko/20100101 Firefox/147.0
[2026-02-03 16:01:28] GET /api/courses/enrolled - IP: 127.0.0.1 - User-Agent: Mozilla/5.0 (X11; Linux x86_64; rv:147.0) Gecko/20100101 Firefox/147.0
[2026-02-03 16:01:28] GET /api/certificates/my-certificates - IP: 127.0.0.1 - User-Agent: Mozilla/5.0 (X11; Linux x86_64; rv:147.0) Gecko/20100101 Firefox/147.0
[2026-02-03 16:01:28] GET /api/users/me/stats - IP: 127.0.0.1 - User-Agent: Mozilla/5.0 (X11; Linux x86_64; rv:147.0) Gecko/20100101 Firefox/147.0
[2026-02-03 16:01:32] GET /api/courses/enrolled - IP: 127.0.0.1 - User-Agent: Mozilla/5.0 (X11; Linux x86_64; rv:147.0) Gecko/20100101 Firefox/147.0
[2026-02-03 16:01:32] GET /api/quizzes/attempts/recent?limit=5 - IP: 127.0.0.1 - User-Agent: Mozilla/5.0 (X11; Linux x86_64; rv:147.0) Gecko/20100101 Firefox/147.0
[2026-02-03 16:01:32] GET /api/certificates/my-certificates - IP: 127.0.0.1 - User-Agent: Mozilla/5.0 (X11; Linux x86_64; rv:147.0) Gecko/20100101 Firefox/147.0
[2026-02-03 16:01:32] GET /api/users/me/stats - IP: 127.0.0.1 - User-Agent: Mozilla/5.0 (X11; Linux x86_64; rv:147.0) Gecko/20100101 Firefox/147.0
[2026-02-03 16:01:33] GET /api/courses/enrolled - IP: 127.0.0.1 - User-Agent: Mozilla/5.0 (X11; Linux x86_64; rv:147.0) Gecko/20100101 Firefox/147.0
[2026-02-03 16:01:33] GET /api/quizzes/attempts/recent?limit=5 - IP: 127.0.0.1 - User-Agent: Mozilla/5.0 (X11; Linux x86_64; rv:147.0) Gecko/20100101 Firefox/147.0
[2026-02-03 16:01:33] GET /api/users/me/stats - IP: 127.0.0.1 - User-Agent: Mozilla/5.0 (X11; Linux x86_64; rv:147.0) Gecko/20100101 Firefox/147.0
[2026-02-03 16:01:33] GET /api/certificates/my-certificates - IP: 127.0.0.1 - User-Agent: Mozilla/5.0 (X11; Linux x86_64; rv:147.0) Gecko/20100101 Firefox/147.0
[2026-02-03 16:01:35] GET /api/courses/enrolled - IP: 127.0.0.1 - User-Agent: Mozilla/5.0 (X11; Linux x86_64; rv:147.0) Gecko/20100101 Firefox/147.0
[2026-02-03 16:01:35] GET /api/quizzes/attempts/recent?limit=5 - IP: 127.0.0.1 - User-Agent: Mozilla/5.0 (X11; Linux x86_64; rv:147.0) Gecko/20100101 Firefox/147.0
[2026-02-03 16:01:35] GET /api/users/me/stats - IP: 127.0.0.1 - User-Agent: Mozilla/5.0 (X11; Linux x86_64; rv:147.0) Gecko/20100101 Firefox/147.0
[2026-02-03 16:01:35] GET /api/certificates/my-certificates - IP: 127.0.0.1 - User-Agent: Mozilla/5.0 (X11; Linux x86_64; rv:147.0) Gecko/20100101 Firefox/147.0
[2026-02-03 16:01:37] GET /api/courses/enrolled - IP: 127.0.0.1 - User-Agent: Mozilla/5.0 (X11; Linux x86_64; rv:147.0) Gecko/20100101 Firefox/147.0
[2026-02-03 16:01:37] GET /api/users/me/stats - IP: 127.0.0.1 - User-Agent: Mozilla/5.0 (X11; Linux x86_64; rv:147.0) Gecko/20100101 Firefox/147.0
[2026-02-03 16:01:37] GET /api/quizzes/attempts/recent?limit=5 - IP: 127.0.0.1 - User-Agent: Mozilla/5.0 (X11; Linux x86_64; rv:147.0) Gecko/20100101 Firefox/147.0
[2026-02-03 16:01:37] GET /api/certificates/my-certificates - IP: 127.0.0.1 - User-Agent: Mozilla/5.0 (X11; Linux x86_64; rv:147.0) Gecko/20100101 Firefox/147.0
[2026-02-03 16:10:37] POST /api/auth/refresh - IP: 127.0.0.1 - User-Agent: Mozilla/5.0 (X11; Linux x86_64; rv:147.0) Gecko/20100101 Firefox/147.0
[2026-02-03 16:11:37] POST /api/auth/refresh - IP: 127.0.0.1 - User-Agent: Mozilla/5.0 (X11; Linux x86_64; rv:147.0) Gecko/20100101 Firefox/147.0
[2026-02-03 16:12:26] GET /api/certificates/my-certificates - IP: 127.0.0.1 - User-Agent: Mozilla/5.0 (X11; Linux x86_64; rv:147.0) Gecko/20100101 Firefox/147.0
[2026-02-03 16:12:26] GET /api/users/me/stats - IP: 127.0.0.1 - User-Agent: Mozilla/5.0 (X11; Linux x86_64; rv:147.0) Gecko/20100101 Firefox/147.0
[2026-02-03 16:12:26] GET /api/courses/enrolled - IP: 127.0.0.1 - User-Agent: Mozilla/5.0 (X11; Linux x86_64; rv:147.0) Gecko/20100101 Firefox/147.0
[2026-02-03 16:12:26] GET /api/quizzes/attempts/recent?limit=5 - IP: 127.0.0.1 - User-Agent: Mozilla/5.0 (X11; Linux x86_64; rv:147.0) Gecko/20100101 Firefox/147.0
[2026-02-03 16:13:26] POST /api/auth/refresh - IP: 127.0.0.1 - User-Agent: Mozilla/5.0 (X11; Linux x86_64; rv:147.0) Gecko/20100101 Firefox/147.0
[2026-02-03 16:14:26] POST /api/auth/refresh - IP: 127.0.0.1 - User-Agent: Mozilla/5.0 (X11; Linux x86_64; rv:147.0) Gecko/20100101 Firefox/147.0
[2026-02-03 16:20:11] POST /api/auth/login - IP: 127.0.0.1 - User-Agent: Mozilla/5.0 (X11; Linux x86_64; rv:147.0) Gecko/20100101 Firefox/147.0
[2026-02-03 16:20:18] POST /api/auth/login - IP: 127.0.0.1 - User-Agent: Mozilla/5.0 (X11; Linux x86_64; rv:147.0) Gecko/20100101 Firefox/147.0
[2026-02-03 16:20:19] GET /api/courses/enrolled - IP: 127.0.0.1 - User-Agent: Mozilla/5.0 (X11; Linux x86_64; rv:147.0) Gecko/20100101 Firefox/147.0
[2026-02-03 16:20:19] GET /api/quizzes/attempts/recent?limit=5 - IP: 127.0.0.1 - User-Agent: Mozilla/5.0 (X11; Linux x86_64; rv:147.0) Gecko/20100101 Firefox/147.0
[2026-02-03 16:20:19] GET /api/users/me/stats - IP: 127.0.0.1 - User-Agent: Mozilla/5.0 (X11; Linux x86_64; rv:147.0) Gecko/20100101 Firefox/147.0
[2026-02-03 16:20:19] GET /api/certificates/my-certificates - IP: 127.0.0.1 - User-Agent: Mozilla/5.0 (X11; Linux x86_64; rv:147.0) Gecko/20100101 Firefox/147.0
[2026-02-03 16:20:43] GET /api/quizzes/attempts/recent?limit=5 - IP: 127.0.0.1 - User-Agent: Mozilla/5.0 (X11; Linux x86_64; rv:147.0) Gecko/20100101 Firefox/147.0
[2026-02-03 16:20:43] GET /api/courses/enrolled - IP: 127.0.0.1 - User-Agent: Mozilla/5.0 (X11; Linux x86_64; rv:147.0) Gecko/20100101 Firefox/147.0
[2026-02-03 16:20:43] GET /api/users/me/stats - IP: 127.0.0.1 - User-Agent: Mozilla/5.0 (X11; Linux x86_64; rv:147.0) Gecko/20100101 Firefox/147.0
[2026-02-03 16:20:43] GET /api/certificates/my-certificates - IP: 127.0.0.1 - User-Agent: Mozilla/5.0 (X11; Linux x86_64; rv:147.0) Gecko/20100101 Firefox/147.0
[2026-02-03 16:43:15] GET /api/courses/enrolled - IP: 127.0.0.1 - User-Agent: Mozilla/5.0 (X11; Linux x86_64; rv:147.0) Gecko/20100101 Firefox/147.0
[2026-02-03 16:43:15] GET /api/users/me/stats - IP: 127.0.0.1 - User-Agent: Mozilla/5.0 (X11; Linux x86_64; rv:147.0) Gecko/20100101 Firefox/147.0
[2026-02-03 16:43:15] GET /api/quizzes/attempts/recent?limit=5 - IP: 127.0.0.1 - User-Agent: Mozilla/5.0 (X11; Linux x86_64; rv:147.0) Gecko/20100101 Firefox/147.0
[2026-02-03 16:43:15] GET /api/certificates/my-certificates - IP: 127.0.0.1 - User-Agent: Mozilla/5.0 (X11; Linux x86_64; rv:147.0) Gecko/20100101 Firefox/147.0
[2026-02-03 16:58:04] GET /api/quizzes/attempts/recent?limit=5 - IP: 127.0.0.1 - User-Agent: Mozilla/5.0 (X11; Linux x86_64; rv:147.0) Gecko/20100101 Firefox/147.0
[2026-02-03 16:58:04] GET /api/courses/enrolled - IP: 127.0.0.1 - User-Agent: Mozilla/5.0 (X11; Linux x86_64; rv:147.0) Gecko/20100101 Firefox/147.0
[2026-02-03 16:58:04] GET /api/users/me/stats - IP: 127.0.0.1 - User-Agent: Mozilla/5.0 (X11; Linux x86_64; rv:147.0) Gecko/20100101 Firefox/147.0
[2026-02-03 16:58:04] GET /api/certificates/my-certificates - IP: 127.0.0.1 - User-Agent: Mozilla/5.0 (X11; Linux x86_64; rv:147.0) Gecko/20100101 Firefox/147.0
[2026-02-03 17:04:18] GET /api/quizzes/attempts/recent?limit=5 - IP: 127.0.0.1 - User-Agent: Mozilla/5.0 (X11; Linux x86_64; rv:147.0) Gecko/20100101 Firefox/147.0
[2026-02-03 17:04:18] GET /api/certificates/my-certificates - IP: 127.0.0.1 - User-Agent: Mozilla/5.0 (X11; Linux x86_64; rv:147.0) Gecko/20100101 Firefox/147.0
[2026-02-03 17:04:18] GET /api/users/me/stats - IP: 127.0.0.1 - User-Agent: Mozilla/5.0 (X11; Linux x86_64; rv:147.0) Gecko/20100101 Firefox/147.0
[2026-02-03 17:04:18] GET /api/courses/enrolled - IP: 127.0.0.1 - User-Agent: Mozilla/5.0 (X11; Linux x86_64; rv:147.0) Gecko/20100101 Firefox/147.0
[2026-02-03 17:09:25] GET /api/courses/enrolled - IP: 127.0.0.1 - User-Agent: Mozilla/5.0 (X11; Linux x86_64; rv:147.0) Gecko/20100101 Firefox/147.0
[2026-02-03 17:09:25] GET /api/quizzes/attempts/recent?limit=5 - IP: 127.0.0.1 - User-Agent: Mozilla/5.0 (X11; Linux x86_64; rv:147.0) Gecko/20100101 Firefox/147.0
[2026-02-03 17:09:25] GET /api/users/me/stats - IP: 127.0.0.1 - User-Agent: Mozilla/5.0 (X11; Linux x86_64; rv:147.0) Gecko/20100101 Firefox/147.0
[2026-02-03 17:09:25] GET /api/certificates/my-certificates - IP: 127.0.0.1 - User-Agent: Mozilla/5.0 (X11; Linux x86_64; rv:147.0) Gecko/20100101 Firefox/147.0
[2026-02-03 17:09:30] GET /api/courses/enrolled - IP: 127.0.0.1 - User-Agent: Mozilla/5.0 (X11; Linux x86_64; rv:147.0) Gecko/20100101 Firefox/147.0
[2026-02-03 17:09:30] GET /api/quizzes/attempts/recent?limit=5 - IP: 127.0.0.1 - User-Agent: Mozilla/5.0 (X11; Linux x86_64; rv:147.0) Gecko/20100101 Firefox/147.0
[2026-02-03 17:09:30] GET /api/users/me/stats - IP: 127.0.0.1 - User-Agent: Mozilla/5.0 (X11; Linux x86_64; rv:147.0) Gecko/20100101 Firefox/147.0
[2026-02-03 17:09:30] GET /api/certificates/my-certificates - IP: 127.0.0.1 - User-Agent: Mozilla/5.0 (X11; Linux x86_64; rv:147.0) Gecko/20100101 Firefox/147.0
[2026-02-03 17:09:32] GET /api/quizzes/attempts/recent?limit=5 - IP: 127.0.0.1 - User-Agent: Mozilla/5.0 (X11; Linux x86_64; rv:147.0) Gecko/20100101 Firefox/147.0
[2026-02-03 17:09:32] GET /api/courses/enrolled - IP: 127.0.0.1 - User-Agent: Mozilla/5.0 (X11; Linux x86_64; rv:147.0) Gecko/20100101 Firefox/147.0
[2026-02-03 17:09:32] GET /api/certificates/my-certificates - IP: 127.0.0.1 - User-Agent: Mozilla/5.0 (X11; Linux x86_64; rv:147.0) Gecko/20100101 Firefox/147.0
[2026-02-03 17:09:32] GET /api/users/me/stats - IP: 127.0.0.1 - User-Agent: Mozilla/5.0 (X11; Linux x86_64; rv:147.0) Gecko/20100101 Firefox/147.0
[2026-02-03 17:09:39] GET /api/courses/1/modules - IP: 127.0.0.1 - User-Agent: Mozilla/5.0 (X11; Linux x86_64; rv:147.0) Gecko/20100101 Firefox/147.0
[2026-02-03 17:09:45] GET /api/certificates/my-certificates - IP: 127.0.0.1 - User-Agent: Mozilla/5.0 (X11; Linux x86_64; rv:147.0) Gecko/20100101 Firefox/147.0
[2026-02-03 17:09:45] GET /api/quizzes/attempts/recent?limit=5 - IP: 127.0.0.1 - User-Agent: Mozilla/5.0 (X11; Linux x86_64; rv:147.0) Gecko/20100101 Firefox/147.0
[2026-02-03 17:09:45] GET /api/users/me/stats - IP: 127.0.0.1 - User-Agent: Mozilla/5.0 (X11; Linux x86_64; rv:147.0) Gecko/20100101 Firefox/147.0
[2026-02-03 17:09:45] GET /api/courses/enrolled - IP: 127.0.0.1 - User-Agent: Mozilla/5.0 (X11; Linux x86_64; rv:147.0) Gecko/20100101 Firefox/147.0
[2026-02-03 17:09:53] GET /api/courses/enrolled - IP: 127.0.0.1 - User-Agent: Mozilla/5.0 (X11; Linux x86_64; rv:147.0) Gecko/20100101 Firefox/147.0
[2026-02-03 17:09:53] GET /api/certificates/my-certificates - IP: 127.0.0.1 - User-Agent: Mozilla/5.0 (X11; Linux x86_64; rv:147.0) Gecko/20100101 Firefox/147.0
[2026-02-03 17:09:53] GET /api/quizzes/attempts/recent?limit=5 - IP: 127.0.0.1 - User-Agent: Mozilla/5.0 (X11; Linux x86_64; rv:147.0) Gecko/20100101 Firefox/147.0
[2026-02-03 17:09:53] GET /api/users/me/stats - IP: 127.0.0.1 - User-Agent: Mozilla/5.0 (X11; Linux x86_64; rv:147.0) Gecko/20100101 Firefox/147.0
[2026-02-03 17:10:29] GET /api/courses/enrolled - IP: 127.0.0.1 - User-Agent: Mozilla/5.0 (X11; Linux x86_64; rv:147.0) Gecko/20100101 Firefox/147.0
[2026-02-03 17:10:29] GET /api/quizzes/attempts/recent?limit=5 - IP: 127.0.0.1 - User-Agent: Mozilla/5.0 (X11; Linux x86_64; rv:147.0) Gecko/20100101 Firefox/147.0
[2026-02-03 17:10:29] GET /api/users/me/stats - IP: 127.0.0.1 - User-Agent: Mozilla/5.0 (X11; Linux x86_64; rv:147.0) Gecko/20100101 Firefox/147.0
[2026-02-03 17:10:29] GET /api/certificates/my-certificates - IP: 127.0.0.1 - User-Agent: Mozilla/5.0 (X11; Linux x86_64; rv:147.0) Gecko/20100101 Firefox/147.0
[2026-02-03 17:11:06] POST /api/auth/logout - IP: 127.0.0.1 - User-Agent: Mozilla/5.0 (X11; Linux x86_64; rv:147.0) Gecko/20100101 Firefox/147.0
[2026-02-03 17:20:35] POST /api/auth/login - IP: 127.0.0.1 - User-Agent: Mozilla/5.0 (X11; Linux x86_64; rv:147.0) Gecko/20100101 Firefox/147.0
[2026-02-03 17:20:41] POST /api/auth/login - IP: 127.0.0.1 - User-Agent: Mozilla/5.0 (X11; Linux x86_64; rv:147.0) Gecko/20100101 Firefox/147.0
[2026-02-03 17:20:46] POST /api/auth/login - IP: 127.0.0.1 - User-Agent: Mozilla/5.0 (X11; Linux x86_64; rv:147.0) Gecko/20100101 Firefox/147.0
[2026-02-03 17:20:46] GET /api/admin/stats - IP: 127.0.0.1 - User-Agent: Mozilla/5.0 (X11; Linux x86_64; rv:147.0) Gecko/20100101 Firefox/147.0
[2026-02-03 17:20:46] GET /api/admin/activity?limit=10 - IP: 127.0.0.1 - User-Agent: Mozilla/5.0 (X11; Linux x86_64; rv:147.0) Gecko/20100101 Firefox/147.0
[2026-02-03 17:20:46] GET /api/users?page=1&limit=10 - IP: 127.0.0.1 - User-Agent: Mozilla/5.0 (X11; Linux x86_64; rv:147.0) Gecko/20100101 Firefox/147.0
[2026-02-03 17:21:10] GET /api/courses? - IP: 127.0.0.1 - User-Agent: Mozilla/5.0 (X11; Linux x86_64; rv:147.0) Gecko/20100101 Firefox/147.0
[2026-02-03 17:21:12] GET /api/users?page=1&limit=10 - IP: 127.0.0.1 - User-Agent: Mozilla/5.0 (X11; Linux x86_64; rv:147.0) Gecko/20100101 Firefox/147.0
[2026-02-03 17:21:12] GET /api/admin/stats - IP: 127.0.0.1 - User-Agent: Mozilla/5.0 (X11; Linux x86_64; rv:147.0) Gecko/20100101 Firefox/147.0
[2026-02-03 17:21:12] GET /api/admin/activity?limit=10 - IP: 127.0.0.1 - User-Agent: Mozilla/5.0 (X11; Linux x86_64; rv:147.0) Gecko/20100101 Firefox/147.0
[2026-02-03 17:22:29] GET /api/admin/activity?limit=10 - IP: 127.0.0.1 - User-Agent: Mozilla/5.0 (X11; Linux x86_64; rv:147.0) Gecko/20100101 Firefox/147.0
[2026-02-03 17:22:29] GET /api/admin/stats - IP: 127.0.0.1 - User-Agent: Mozilla/5.0 (X11; Linux x86_64; rv:147.0) Gecko/20100101 Firefox/147.0
[2026-02-03 17:22:29] GET /api/users?page=1&limit=10 - IP: 127.0.0.1 - User-Agent: Mozilla/5.0 (X11; Linux x86_64; rv:147.0) Gecko/20100101 Firefox/147.0
